<?xml version="1.0"?>
<link_info>
   <banner>MSP430 Linker PC v16.9.6.LTS</banner>
   <copyright>Copyright (c) 2003-2017 Texas Instruments Incorporated</copyright>
   <link_time>0x5b1aa4e8</link_time>
   <link_errors>0x0</link_errors>
   <output_file>20180608_Elec315LabProjectFinal_comment.out</output_file>
   <entry_point>
      <name>_c_int00_noargs_noexit</name>
      <address>0xe870</address>
   </entry_point>
   <input_file_list>
      <input_file id="fl-2">
         <path>.\</path>
         <kind>object</kind>
         <file>main.obj</file>
         <name>main.obj</name>
      </input_file>
      <input_file id="fl-7">
         <kind>object</kind>
         <file>&lt;internal&gt;</file>
         <name>&lt;internal&gt;</name>
      </input_file>
      <input_file id="fl-1d">
         <path>C:\ti\ccsv7\tools\compiler\ti-cgt-msp430_16.9.6.LTS\lib\</path>
         <kind>archive</kind>
         <file>rts430_eabi.lib</file>
         <name>addd.obj</name>
      </input_file>
      <input_file id="fl-1e">
         <path>C:\ti\ccsv7\tools\compiler\ti-cgt-msp430_16.9.6.LTS\lib\</path>
         <kind>archive</kind>
         <file>rts430_eabi.lib</file>
         <name>asr16.obj</name>
      </input_file>
      <input_file id="fl-1f">
         <path>C:\ti\ccsv7\tools\compiler\ti-cgt-msp430_16.9.6.LTS\lib\</path>
         <kind>archive</kind>
         <file>rts430_eabi.lib</file>
         <name>boot.obj</name>
      </input_file>
      <input_file id="fl-20">
         <path>C:\ti\ccsv7\tools\compiler\ti-cgt-msp430_16.9.6.LTS\lib\</path>
         <kind>archive</kind>
         <file>rts430_eabi.lib</file>
         <name>boot_special.obj</name>
      </input_file>
      <input_file id="fl-21">
         <path>C:\ti\ccsv7\tools\compiler\ti-cgt-msp430_16.9.6.LTS\lib\</path>
         <kind>archive</kind>
         <file>rts430_eabi.lib</file>
         <name>copy_decompress_lzss.obj</name>
      </input_file>
      <input_file id="fl-22">
         <path>C:\ti\ccsv7\tools\compiler\ti-cgt-msp430_16.9.6.LTS\lib\</path>
         <kind>archive</kind>
         <file>rts430_eabi.lib</file>
         <name>copy_decompress_none.obj</name>
      </input_file>
      <input_file id="fl-23">
         <path>C:\ti\ccsv7\tools\compiler\ti-cgt-msp430_16.9.6.LTS\lib\</path>
         <kind>archive</kind>
         <file>rts430_eabi.lib</file>
         <name>copy_zero_init.obj</name>
      </input_file>
      <input_file id="fl-24">
         <path>C:\ti\ccsv7\tools\compiler\ti-cgt-msp430_16.9.6.LTS\lib\</path>
         <kind>archive</kind>
         <file>rts430_eabi.lib</file>
         <name>div16u.obj</name>
      </input_file>
      <input_file id="fl-25">
         <path>C:\ti\ccsv7\tools\compiler\ti-cgt-msp430_16.9.6.LTS\lib\</path>
         <kind>archive</kind>
         <file>rts430_eabi.lib</file>
         <name>divd.obj</name>
      </input_file>
      <input_file id="fl-26">
         <path>C:\ti\ccsv7\tools\compiler\ti-cgt-msp430_16.9.6.LTS\lib\</path>
         <kind>archive</kind>
         <file>rts430_eabi.lib</file>
         <name>e_log.obj</name>
      </input_file>
      <input_file id="fl-27">
         <path>C:\ti\ccsv7\tools\compiler\ti-cgt-msp430_16.9.6.LTS\lib\</path>
         <kind>archive</kind>
         <file>rts430_eabi.lib</file>
         <name>epilog.obj</name>
      </input_file>
      <input_file id="fl-28">
         <path>C:\ti\ccsv7\tools\compiler\ti-cgt-msp430_16.9.6.LTS\lib\</path>
         <kind>archive</kind>
         <file>rts430_eabi.lib</file>
         <name>errno.obj</name>
      </input_file>
      <input_file id="fl-29">
         <path>C:\ti\ccsv7\tools\compiler\ti-cgt-msp430_16.9.6.LTS\lib\</path>
         <kind>archive</kind>
         <file>rts430_eabi.lib</file>
         <name>exit.obj</name>
      </input_file>
      <input_file id="fl-2a">
         <path>C:\ti\ccsv7\tools\compiler\ti-cgt-msp430_16.9.6.LTS\lib\</path>
         <kind>archive</kind>
         <file>rts430_eabi.lib</file>
         <name>exit_gvars.obj</name>
      </input_file>
      <input_file id="fl-2b">
         <path>C:\ti\ccsv7\tools\compiler\ti-cgt-msp430_16.9.6.LTS\lib\</path>
         <kind>archive</kind>
         <file>rts430_eabi.lib</file>
         <name>fixdi.obj</name>
      </input_file>
      <input_file id="fl-2c">
         <path>C:\ti\ccsv7\tools\compiler\ti-cgt-msp430_16.9.6.LTS\lib\</path>
         <kind>archive</kind>
         <file>rts430_eabi.lib</file>
         <name>fixdli.obj</name>
      </input_file>
      <input_file id="fl-2d">
         <path>C:\ti\ccsv7\tools\compiler\ti-cgt-msp430_16.9.6.LTS\lib\</path>
         <kind>archive</kind>
         <file>rts430_eabi.lib</file>
         <name>fixdu.obj</name>
      </input_file>
      <input_file id="fl-2e">
         <path>C:\ti\ccsv7\tools\compiler\ti-cgt-msp430_16.9.6.LTS\lib\</path>
         <kind>archive</kind>
         <file>rts430_eabi.lib</file>
         <name>fixdul.obj</name>
      </input_file>
      <input_file id="fl-2f">
         <path>C:\ti\ccsv7\tools\compiler\ti-cgt-msp430_16.9.6.LTS\lib\</path>
         <kind>archive</kind>
         <file>rts430_eabi.lib</file>
         <name>fltid.obj</name>
      </input_file>
      <input_file id="fl-30">
         <path>C:\ti\ccsv7\tools\compiler\ti-cgt-msp430_16.9.6.LTS\lib\</path>
         <kind>archive</kind>
         <file>rts430_eabi.lib</file>
         <name>fltlid.obj</name>
      </input_file>
      <input_file id="fl-31">
         <path>C:\ti\ccsv7\tools\compiler\ti-cgt-msp430_16.9.6.LTS\lib\</path>
         <kind>archive</kind>
         <file>rts430_eabi.lib</file>
         <name>fltud.obj</name>
      </input_file>
      <input_file id="fl-32">
         <path>C:\ti\ccsv7\tools\compiler\ti-cgt-msp430_16.9.6.LTS\lib\</path>
         <kind>archive</kind>
         <file>rts430_eabi.lib</file>
         <name>fltuld.obj</name>
      </input_file>
      <input_file id="fl-33">
         <path>C:\ti\ccsv7\tools\compiler\ti-cgt-msp430_16.9.6.LTS\lib\</path>
         <kind>archive</kind>
         <file>rts430_eabi.lib</file>
         <name>frcaddd.obj</name>
      </input_file>
      <input_file id="fl-34">
         <path>C:\ti\ccsv7\tools\compiler\ti-cgt-msp430_16.9.6.LTS\lib\</path>
         <kind>archive</kind>
         <file>rts430_eabi.lib</file>
         <name>frcdivd.obj</name>
      </input_file>
      <input_file id="fl-35">
         <path>C:\ti\ccsv7\tools\compiler\ti-cgt-msp430_16.9.6.LTS\lib\</path>
         <kind>archive</kind>
         <file>rts430_eabi.lib</file>
         <name>fs_add.obj</name>
      </input_file>
      <input_file id="fl-36">
         <path>C:\ti\ccsv7\tools\compiler\ti-cgt-msp430_16.9.6.LTS\lib\</path>
         <kind>archive</kind>
         <file>rts430_eabi.lib</file>
         <name>fs_mpy.obj</name>
      </input_file>
      <input_file id="fl-37">
         <path>C:\ti\ccsv7\tools\compiler\ti-cgt-msp430_16.9.6.LTS\lib\</path>
         <kind>archive</kind>
         <file>rts430_eabi.lib</file>
         <name>fs_tou.obj</name>
      </input_file>
      <input_file id="fl-38">
         <path>C:\ti\ccsv7\tools\compiler\ti-cgt-msp430_16.9.6.LTS\lib\</path>
         <kind>archive</kind>
         <file>rts430_eabi.lib</file>
         <name>fs_utof.obj</name>
      </input_file>
      <input_file id="fl-39">
         <path>C:\ti\ccsv7\tools\compiler\ti-cgt-msp430_16.9.6.LTS\lib\</path>
         <kind>archive</kind>
         <file>rts430_eabi.lib</file>
         <name>int00.obj</name>
      </input_file>
      <input_file id="fl-3a">
         <path>C:\ti\ccsv7\tools\compiler\ti-cgt-msp430_16.9.6.LTS\lib\</path>
         <kind>archive</kind>
         <file>rts430_eabi.lib</file>
         <name>int02.obj</name>
      </input_file>
      <input_file id="fl-3b">
         <path>C:\ti\ccsv7\tools\compiler\ti-cgt-msp430_16.9.6.LTS\lib\</path>
         <kind>archive</kind>
         <file>rts430_eabi.lib</file>
         <name>int06.obj</name>
      </input_file>
      <input_file id="fl-3c">
         <path>C:\ti\ccsv7\tools\compiler\ti-cgt-msp430_16.9.6.LTS\lib\</path>
         <kind>archive</kind>
         <file>rts430_eabi.lib</file>
         <name>int07.obj</name>
      </input_file>
      <input_file id="fl-3d">
         <path>C:\ti\ccsv7\tools\compiler\ti-cgt-msp430_16.9.6.LTS\lib\</path>
         <kind>archive</kind>
         <file>rts430_eabi.lib</file>
         <name>int08.obj</name>
      </input_file>
      <input_file id="fl-3e">
         <path>C:\ti\ccsv7\tools\compiler\ti-cgt-msp430_16.9.6.LTS\lib\</path>
         <kind>archive</kind>
         <file>rts430_eabi.lib</file>
         <name>int09.obj</name>
      </input_file>
      <input_file id="fl-3f">
         <path>C:\ti\ccsv7\tools\compiler\ti-cgt-msp430_16.9.6.LTS\lib\</path>
         <kind>archive</kind>
         <file>rts430_eabi.lib</file>
         <name>int10.obj</name>
      </input_file>
      <input_file id="fl-40">
         <path>C:\ti\ccsv7\tools\compiler\ti-cgt-msp430_16.9.6.LTS\lib\</path>
         <kind>archive</kind>
         <file>rts430_eabi.lib</file>
         <name>int11.obj</name>
      </input_file>
      <input_file id="fl-41">
         <path>C:\ti\ccsv7\tools\compiler\ti-cgt-msp430_16.9.6.LTS\lib\</path>
         <kind>archive</kind>
         <file>rts430_eabi.lib</file>
         <name>int12.obj</name>
      </input_file>
      <input_file id="fl-42">
         <path>C:\ti\ccsv7\tools\compiler\ti-cgt-msp430_16.9.6.LTS\lib\</path>
         <kind>archive</kind>
         <file>rts430_eabi.lib</file>
         <name>int13.obj</name>
      </input_file>
      <input_file id="fl-43">
         <path>C:\ti\ccsv7\tools\compiler\ti-cgt-msp430_16.9.6.LTS\lib\</path>
         <kind>archive</kind>
         <file>rts430_eabi.lib</file>
         <name>int14.obj</name>
      </input_file>
      <input_file id="fl-44">
         <path>C:\ti\ccsv7\tools\compiler\ti-cgt-msp430_16.9.6.LTS\lib\</path>
         <kind>archive</kind>
         <file>rts430_eabi.lib</file>
         <name>isr_trap.obj</name>
      </input_file>
      <input_file id="fl-45">
         <path>C:\ti\ccsv7\tools\compiler\ti-cgt-msp430_16.9.6.LTS\lib\</path>
         <kind>archive</kind>
         <file>rts430_eabi.lib</file>
         <name>lsl16.obj</name>
      </input_file>
      <input_file id="fl-46">
         <path>C:\ti\ccsv7\tools\compiler\ti-cgt-msp430_16.9.6.LTS\lib\</path>
         <kind>archive</kind>
         <file>rts430_eabi.lib</file>
         <name>lsl32.obj</name>
      </input_file>
      <input_file id="fl-47">
         <path>C:\ti\ccsv7\tools\compiler\ti-cgt-msp430_16.9.6.LTS\lib\</path>
         <kind>archive</kind>
         <file>rts430_eabi.lib</file>
         <name>lsr16.obj</name>
      </input_file>
      <input_file id="fl-48">
         <path>C:\ti\ccsv7\tools\compiler\ti-cgt-msp430_16.9.6.LTS\lib\</path>
         <kind>archive</kind>
         <file>rts430_eabi.lib</file>
         <name>lsr32.obj</name>
      </input_file>
      <input_file id="fl-49">
         <path>C:\ti\ccsv7\tools\compiler\ti-cgt-msp430_16.9.6.LTS\lib\</path>
         <kind>archive</kind>
         <file>rts430_eabi.lib</file>
         <name>lsr64.obj</name>
      </input_file>
      <input_file id="fl-4a">
         <path>C:\ti\ccsv7\tools\compiler\ti-cgt-msp430_16.9.6.LTS\lib\</path>
         <kind>archive</kind>
         <file>rts430_eabi.lib</file>
         <name>memcpy.obj</name>
      </input_file>
      <input_file id="fl-4b">
         <path>C:\ti\ccsv7\tools\compiler\ti-cgt-msp430_16.9.6.LTS\lib\</path>
         <kind>archive</kind>
         <file>rts430_eabi.lib</file>
         <name>mpu_init.obj</name>
      </input_file>
      <input_file id="fl-4c">
         <path>C:\ti\ccsv7\tools\compiler\ti-cgt-msp430_16.9.6.LTS\lib\</path>
         <kind>archive</kind>
         <file>rts430_eabi.lib</file>
         <name>mpyd.obj</name>
      </input_file>
      <input_file id="fl-4d">
         <path>C:\ti\ccsv7\tools\compiler\ti-cgt-msp430_16.9.6.LTS\lib\</path>
         <kind>archive</kind>
         <file>rts430_eabi.lib</file>
         <name>mult16.obj</name>
      </input_file>
      <input_file id="fl-4e">
         <path>C:\ti\ccsv7\tools\compiler\ti-cgt-msp430_16.9.6.LTS\lib\</path>
         <kind>archive</kind>
         <file>rts430_eabi.lib</file>
         <name>mult32.obj</name>
      </input_file>
      <input_file id="fl-4f">
         <path>C:\ti\ccsv7\tools\compiler\ti-cgt-msp430_16.9.6.LTS\lib\</path>
         <kind>archive</kind>
         <file>rts430_eabi.lib</file>
         <name>pre_init.obj</name>
      </input_file>
      <input_file id="fl-50">
         <path>C:\ti\ccsv7\tools\compiler\ti-cgt-msp430_16.9.6.LTS\lib\</path>
         <kind>archive</kind>
         <file>rts430_eabi.lib</file>
         <name>renormd.obj</name>
      </input_file>
      <input_file id="fl-51">
         <path>C:\ti\ccsv7\tools\compiler\ti-cgt-msp430_16.9.6.LTS\lib\</path>
         <kind>archive</kind>
         <file>rts430_eabi.lib</file>
         <name>strlen.obj</name>
      </input_file>
      <input_file id="fl-52">
         <path>C:\ti\ccsv7\tools\compiler\ti-cgt-msp430_16.9.6.LTS\lib\</path>
         <kind>archive</kind>
         <file>rts430_eabi.lib</file>
         <name>subd.obj</name>
      </input_file>
      <input_file id="fl-53">
         <path>C:\ti\ccsv7\tools\compiler\ti-cgt-msp430_16.9.6.LTS\lib\</path>
         <kind>archive</kind>
         <file>rts430_eabi.lib</file>
         <name>_lock.obj</name>
      </input_file>
      <input_file id="fl-54">
         <path>C:\ti\ccsv7\tools\compiler\ti-cgt-msp430_16.9.6.LTS\lib\</path>
         <kind>archive</kind>
         <file>rts430_eabi.lib</file>
         <name>args_main.obj</name>
      </input_file>
      <input_file id="fl-55">
         <path>C:\ti\ccsv7\tools\compiler\ti-cgt-msp430_16.9.6.LTS\lib\</path>
         <kind>archive</kind>
         <file>rts430_eabi.lib</file>
         <name>asr32.obj</name>
      </input_file>
      <input_file id="fl-56">
         <path>C:\ti\ccsv7\tools\compiler\ti-cgt-msp430_16.9.6.LTS\lib\</path>
         <kind>archive</kind>
         <file>rts430_eabi.lib</file>
         <name>autoinit.obj</name>
      </input_file>
      <input_file id="fl-57">
         <path>C:\ti\ccsv7\tools\compiler\ti-cgt-msp430_16.9.6.LTS\lib\</path>
         <kind>archive</kind>
         <file>rts430_eabi.lib</file>
         <name>cmpd.obj</name>
      </input_file>
      <input_file id="fl-58">
         <path>C:\ti\ccsv7\tools\compiler\ti-cgt-msp430_16.9.6.LTS\lib\</path>
         <kind>archive</kind>
         <file>rts430_eabi.lib</file>
         <name>cpy_tbl.obj</name>
      </input_file>
      <input_file id="fl-59">
         <path>C:\ti\ccsv7\tools\compiler\ti-cgt-msp430_16.9.6.LTS\lib\</path>
         <kind>archive</kind>
         <file>rts430_eabi.lib</file>
         <name>frcmpyd.obj</name>
      </input_file>
      <input_file id="fl-5a">
         <path>C:\ti\ccsv7\tools\compiler\ti-cgt-msp430_16.9.6.LTS\lib\</path>
         <kind>archive</kind>
         <file>rts430_eabi.lib</file>
         <name>startup.obj</name>
      </input_file>
   </input_file_list>
   <object_component_list>
      <object_component id="oc-26b">
         <name>.common:str</name>
         <uninitialized>true</uninitialized>
         <run_address>0x21c</run_address>
         <size>0x8</size>
      </object_component>
      <object_component id="oc-221">
         <name>.common:str_set</name>
         <uninitialized>true</uninitialized>
         <run_address>0x224</run_address>
         <size>0x8</size>
      </object_component>
      <object_component id="oc-270">
         <name>.data:adc</name>
         <load_address>0x20e</load_address>
         <run_address>0x20e</run_address>
         <size>0xc</size>
         <input_file_ref idref="fl-2"/>
      </object_component>
      <object_component id="oc-182">
         <name>.data</name>
         <load_address>0x200</load_address>
         <run_address>0x200</run_address>
         <size>0xe</size>
         <input_file_ref idref="fl-2"/>
      </object_component>
      <object_component id="oc-298">
         <name>.data</name>
         <load_address>0x21a</load_address>
         <run_address>0x21a</run_address>
         <size>0x2</size>
         <input_file_ref idref="fl-28"/>
      </object_component>
      <object_component id="oc-f1">
         <name>.stack</name>
         <uninitialized>true</uninitialized>
         <run_address>0x3b0</run_address>
         <size>0x2</size>
         <input_file_ref idref="fl-1f"/>
      </object_component>
      <object_component id="oc-378">
         <name>.stack</name>
         <uninitialized>true</uninitialized>
         <run_address>0x3b0</run_address>
         <size>0x0</size>
      </object_component>
      <object_component id="oc-1ed">
         <name>.text:log</name>
         <load_address>0xc000</load_address>
         <run_address>0xc000</run_address>
         <size>0x63c</size>
         <input_file_ref idref="fl-26"/>
      </object_component>
      <object_component id="oc-27b">
         <name>.text:__TI_frcdivd</name>
         <load_address>0xc63c</load_address>
         <run_address>0xc63c</run_address>
         <size>0x480</size>
         <input_file_ref idref="fl-34"/>
      </object_component>
      <object_component id="oc-1f3">
         <name>.text:__mspabi_addd</name>
         <load_address>0xcabc</load_address>
         <run_address>0xcabc</run_address>
         <size>0x2e8</size>
         <input_file_ref idref="fl-1d"/>
      </object_component>
      <object_component id="oc-303">
         <name>.text:__TI_frcmpyd</name>
         <load_address>0xcda4</load_address>
         <run_address>0xcda4</run_address>
         <size>0x286</size>
         <input_file_ref idref="fl-59"/>
      </object_component>
      <object_component id="oc-29b">
         <name>.text:__mspabi_mpyd</name>
         <load_address>0xd02a</load_address>
         <run_address>0xd02a</run_address>
         <size>0x26e</size>
         <input_file_ref idref="fl-4c"/>
      </object_component>
      <object_component id="oc-2b2">
         <name>.text:__TI_frcaddd</name>
         <load_address>0xd298</load_address>
         <run_address>0xd298</run_address>
         <size>0x260</size>
         <input_file_ref idref="fl-33"/>
      </object_component>
      <object_component id="oc-1d0">
         <name>.text:__mspabi_divd</name>
         <load_address>0xd4f8</load_address>
         <run_address>0xd4f8</run_address>
         <size>0x238</size>
         <input_file_ref idref="fl-25"/>
      </object_component>
      <object_component id="oc-25d">
         <name>.text:sendlcddata</name>
         <load_address>0xd730</load_address>
         <run_address>0xd730</run_address>
         <size>0x21a</size>
         <input_file_ref idref="fl-2"/>
      </object_component>
      <object_component id="oc-1b2">
         <name>.text:initlcd</name>
         <load_address>0xd94a</load_address>
         <run_address>0xd94a</run_address>
         <size>0x1c0</size>
         <input_file_ref idref="fl-2"/>
      </object_component>
      <object_component id="oc-154">
         <name>.text:main</name>
         <load_address>0xdb0a</load_address>
         <run_address>0xdb0a</run_address>
         <size>0x172</size>
         <input_file_ref idref="fl-2"/>
      </object_component>
      <object_component id="oc-209">
         <name>.text</name>
         <load_address>0xdc7c</load_address>
         <run_address>0xdc7c</run_address>
         <size>0x132</size>
         <input_file_ref idref="fl-35"/>
      </object_component>
      <object_component id="oc-2a6">
         <name>.text:__mspabi_cmpd</name>
         <load_address>0xddae</load_address>
         <run_address>0xddae</run_address>
         <size>0xdc</size>
         <input_file_ref idref="fl-57"/>
      </object_component>
      <object_component id="oc-204">
         <name>.text</name>
         <load_address>0xde8a</load_address>
         <run_address>0xde8a</run_address>
         <size>0xc4</size>
         <input_file_ref idref="fl-36"/>
      </object_component>
      <object_component id="oc-317">
         <name>.text:__TI_renormd</name>
         <load_address>0xdf4e</load_address>
         <run_address>0xdf4e</run_address>
         <size>0xbe</size>
         <input_file_ref idref="fl-50"/>
      </object_component>
      <object_component id="oc-1be">
         <name>.text:DatatoLCDtemp</name>
         <load_address>0xe00c</load_address>
         <run_address>0xe00c</run_address>
         <size>0xbc</size>
         <input_file_ref idref="fl-2"/>
      </object_component>
      <object_component id="oc-185">
         <name>.text:DatatoLCDsetTemp</name>
         <load_address>0xe0c8</load_address>
         <run_address>0xe0c8</run_address>
         <size>0xba</size>
         <input_file_ref idref="fl-2"/>
      </object_component>
      <object_component id="oc-291">
         <name>.text:__mspabi_fltlid</name>
         <load_address>0xe182</load_address>
         <run_address>0xe182</run_address>
         <size>0xac</size>
         <input_file_ref idref="fl-30"/>
      </object_component>
      <object_component id="oc-274">
         <name>.text:__mspabi_fltuld</name>
         <load_address>0xe22e</load_address>
         <run_address>0xe22e</run_address>
         <size>0x8a</size>
         <input_file_ref idref="fl-32"/>
      </object_component>
      <object_component id="oc-21b">
         <name>.text:writedata</name>
         <load_address>0xe2b8</load_address>
         <run_address>0xe2b8</run_address>
         <size>0x82</size>
         <input_file_ref idref="fl-2"/>
      </object_component>
      <object_component id="oc-34">
         <name>.text:decompress:lzss:__TI_decompress_lzss</name>
         <load_address>0xe33a</load_address>
         <run_address>0xe33a</run_address>
         <size>0x7c</size>
         <input_file_ref idref="fl-21"/>
      </object_component>
      <object_component id="oc-2ba">
         <name>.text:__mspabi_fixdul</name>
         <load_address>0xe3b6</load_address>
         <run_address>0xe3b6</run_address>
         <size>0x74</size>
         <input_file_ref idref="fl-2e"/>
      </object_component>
      <object_component id="oc-289">
         <name>.text:__mspabi_fixdli</name>
         <load_address>0xe42a</load_address>
         <run_address>0xe42a</run_address>
         <size>0x72</size>
         <input_file_ref idref="fl-2c"/>
      </object_component>
      <object_component id="oc-13a">
         <name>.text:_auto_init</name>
         <load_address>0xe49c</load_address>
         <run_address>0xe49c</run_address>
         <size>0x6e</size>
         <input_file_ref idref="fl-56"/>
      </object_component>
      <object_component id="oc-2e4">
         <name>.text:l_lsr_const</name>
         <load_address>0xe50a</load_address>
         <run_address>0xe50a</run_address>
         <size>0x5c</size>
         <input_file_ref idref="fl-48"/>
      </object_component>
      <object_component id="oc-190">
         <name>.text:copy_in</name>
         <load_address>0xe566</load_address>
         <run_address>0xe566</run_address>
         <size>0x5a</size>
         <input_file_ref idref="fl-58"/>
      </object_component>
      <object_component id="oc-fa">
         <name>.text</name>
         <load_address>0xe5c0</load_address>
         <run_address>0xe5c0</run_address>
         <size>0x4c</size>
         <input_file_ref idref="fl-47"/>
      </object_component>
      <object_component id="oc-20e">
         <name>.text</name>
         <load_address>0xe60c</load_address>
         <run_address>0xe60c</run_address>
         <size>0x46</size>
         <input_file_ref idref="fl-37"/>
      </object_component>
      <object_component id="oc-121">
         <name>.text:Port_2</name>
         <load_address>0xe652</load_address>
         <run_address>0xe652</run_address>
         <size>0x42</size>
         <input_file_ref idref="fl-2"/>
      </object_component>
      <object_component id="oc-2f0">
         <name>.text:l_asr_const</name>
         <load_address>0xe694</load_address>
         <run_address>0xe694</run_address>
         <size>0x3e</size>
         <input_file_ref idref="fl-55"/>
      </object_component>
      <object_component id="oc-2df">
         <name>.text:l_lsl_const</name>
         <load_address>0xe6d2</load_address>
         <run_address>0xe6d2</run_address>
         <size>0x3e</size>
         <input_file_ref idref="fl-46"/>
      </object_component>
      <object_component id="oc-1d6">
         <name>.text:__mspabi_subd</name>
         <load_address>0xe710</load_address>
         <run_address>0xe710</run_address>
         <size>0x2e</size>
         <input_file_ref idref="fl-52"/>
      </object_component>
      <object_component id="oc-2a1">
         <name>.text</name>
         <load_address>0xe73e</load_address>
         <run_address>0xe73e</run_address>
         <size>0x2c</size>
         <input_file_ref idref="fl-1e"/>
      </object_component>
      <object_component id="oc-f5">
         <name>.text</name>
         <load_address>0xe76a</load_address>
         <run_address>0xe76a</run_address>
         <size>0x2c</size>
         <input_file_ref idref="fl-45"/>
      </object_component>
      <object_component id="oc-1c4">
         <name>.text:Read_Acc</name>
         <load_address>0xe796</load_address>
         <run_address>0xe796</run_address>
         <size>0x28</size>
         <input_file_ref idref="fl-2"/>
      </object_component>
      <object_component id="oc-1dc">
         <name>.text:__mspabi_fixdi</name>
         <load_address>0xe7be</load_address>
         <run_address>0xe7be</run_address>
         <size>0x28</size>
         <input_file_ref idref="fl-2b"/>
      </object_component>
      <object_component id="oc-263">
         <name>.text:pulseLCD</name>
         <load_address>0xe7e6</load_address>
         <run_address>0xe7e6</run_address>
         <size>0x26</size>
         <input_file_ref idref="fl-2"/>
      </object_component>
      <object_component id="oc-2eb">
         <name>.text</name>
         <load_address>0xe80c</load_address>
         <run_address>0xe80c</run_address>
         <size>0x26</size>
         <input_file_ref idref="fl-4e"/>
      </object_component>
      <object_component id="oc-1ff">
         <name>.text</name>
         <load_address>0xe832</load_address>
         <run_address>0xe832</run_address>
         <size>0x24</size>
         <input_file_ref idref="fl-38"/>
      </object_component>
      <object_component id="oc-1b8">
         <name>.text:Setup_HW</name>
         <load_address>0xe856</load_address>
         <run_address>0xe856</run_address>
         <size>0x1a</size>
         <input_file_ref idref="fl-2"/>
      </object_component>
      <object_component id="oc-6b">
         <name>.text:_c_int00_noargs_noexit</name>
         <load_address>0xe870</load_address>
         <run_address>0xe870</run_address>
         <size>0x1a</size>
         <input_file_ref idref="fl-20"/>
      </object_component>
      <object_component id="oc-1e2">
         <name>.text</name>
         <load_address>0xe88a</load_address>
         <run_address>0xe88a</run_address>
         <size>0x16</size>
         <input_file_ref idref="fl-24"/>
      </object_component>
      <object_component id="oc-4d">
         <name>.text:decompress:ZI:__TI_zero_init</name>
         <load_address>0xe8a0</load_address>
         <run_address>0xe8a0</run_address>
         <size>0x14</size>
         <input_file_ref idref="fl-23"/>
      </object_component>
      <object_component id="oc-224">
         <name>.text</name>
         <load_address>0xe8b4</load_address>
         <run_address>0xe8b4</run_address>
         <size>0x14</size>
         <input_file_ref idref="fl-4d"/>
      </object_component>
      <object_component id="oc-1f9">
         <name>.text:__mspabi_fixdu</name>
         <load_address>0xe8c8</load_address>
         <run_address>0xe8c8</run_address>
         <size>0x12</size>
         <input_file_ref idref="fl-2d"/>
      </object_component>
      <object_component id="oc-3a">
         <name>.text:decompress:none:__TI_decompress_none</name>
         <load_address>0xe8da</load_address>
         <run_address>0xe8da</run_address>
         <size>0x12</size>
         <input_file_ref idref="fl-22"/>
      </object_component>
      <object_component id="oc-2f9">
         <name>.text:l_lsr</name>
         <load_address>0xe8ec</load_address>
         <run_address>0xe8ec</run_address>
         <size>0x12</size>
         <input_file_ref idref="fl-48"/>
      </object_component>
      <object_component id="oc-10f">
         <name>.text:memcpy</name>
         <load_address>0xe8fe</load_address>
         <run_address>0xe8fe</run_address>
         <size>0x12</size>
         <input_file_ref idref="fl-4a"/>
      </object_component>
      <object_component id="oc-312">
         <name>.text:l_asr</name>
         <load_address>0xe910</load_address>
         <run_address>0xe910</run_address>
         <size>0x10</size>
         <input_file_ref idref="fl-55"/>
      </object_component>
      <object_component id="oc-30d">
         <name>.text:l_lsl</name>
         <load_address>0xe920</load_address>
         <run_address>0xe920</run_address>
         <size>0x10</size>
         <input_file_ref idref="fl-46"/>
      </object_component>
      <object_component id="oc-ff">
         <name>.text</name>
         <load_address>0xe930</load_address>
         <run_address>0xe930</run_address>
         <size>0x10</size>
         <input_file_ref idref="fl-27"/>
      </object_component>
      <object_component id="oc-22c">
         <name>.text:strlen</name>
         <load_address>0xe940</load_address>
         <run_address>0xe940</run_address>
         <size>0xe</size>
         <input_file_ref idref="fl-51"/>
      </object_component>
      <object_component id="oc-1e7">
         <name>.text:__mspabi_fltid</name>
         <load_address>0xe94e</load_address>
         <run_address>0xe94e</run_address>
         <size>0xc</size>
         <input_file_ref idref="fl-2f"/>
      </object_component>
      <object_component id="oc-127">
         <name>.text:ADC10_ISR</name>
         <load_address>0xe95a</load_address>
         <run_address>0xe95a</run_address>
         <size>0x8</size>
         <input_file_ref idref="fl-2"/>
      </object_component>
      <object_component id="oc-11c">
         <name>.text:_isr:__TI_ISR_TRAP</name>
         <load_address>0xe962</load_address>
         <run_address>0xe962</run_address>
         <size>0x8</size>
         <input_file_ref idref="fl-44"/>
      </object_component>
      <object_component id="oc-1ca">
         <name>.text:__mspabi_fltud</name>
         <load_address>0xe96a</load_address>
         <run_address>0xe96a</run_address>
         <size>0x6</size>
         <input_file_ref idref="fl-31"/>
      </object_component>
      <object_component id="oc-15c">
         <name>.text:abort</name>
         <load_address>0xe970</load_address>
         <run_address>0xe970</run_address>
         <size>0x6</size>
         <input_file_ref idref="fl-29"/>
      </object_component>
      <object_component id="oc-134">
         <name>.text:_system_pre_init</name>
         <load_address>0xe976</load_address>
         <run_address>0xe976</run_address>
         <size>0x4</size>
         <input_file_ref idref="fl-4f"/>
      </object_component>
      <object_component id="oc-196">
         <name>.text:_system_post_cinit</name>
         <load_address>0xe97a</load_address>
         <run_address>0xe97a</run_address>
         <size>0x2</size>
         <input_file_ref idref="fl-5a"/>
      </object_component>
      <object_component id="oc-377">
         <name>.cinit..data.load</name>
         <load_address>0xe996</load_address>
         <run_address>0xe996</run_address>
         <size>0x8</size>
      </object_component>
      <object_component id="oc-374">
         <name>__TI_handler_table</name>
         <load_address>0xe99e</load_address>
         <run_address>0xe99e</run_address>
         <size>0x6</size>
      </object_component>
      <object_component id="oc-376">
         <name>.cinit..bss.load</name>
         <load_address>0xe9a4</load_address>
         <run_address>0xe9a4</run_address>
         <size>0x4</size>
      </object_component>
      <object_component id="oc-375">
         <name>__TI_cinit_table</name>
         <load_address>0xe9a8</load_address>
         <run_address>0xe9a8</run_address>
         <size>0x8</size>
      </object_component>
      <object_component id="oc-26c">
         <name>.const:.string:$P$T0$1</name>
         <load_address>0xe97c</load_address>
         <run_address>0xe97c</run_address>
         <size>0xf</size>
         <input_file_ref idref="fl-2"/>
      </object_component>
      <object_component id="oc-229">
         <name>.const:.string:$P$T1$2</name>
         <load_address>0xe98c</load_address>
         <run_address>0xe98c</run_address>
         <size>0xa</size>
         <input_file_ref idref="fl-2"/>
      </object_component>
      <object_component id="oc-33e">
         <name>.binit</name>
         <load_address>0xc000</load_address>
         <run_address>0xc000</run_address>
         <size>0x0</size>
      </object_component>
      <object_component id="oc-40">
         <name>.int00</name>
         <load_address>0xffe0</load_address>
         <run_address>0xffe0</run_address>
         <size>0x2</size>
         <input_file_ref idref="fl-39"/>
      </object_component>
      <object_component id="oc-41">
         <name>.int02</name>
         <load_address>0xffe4</load_address>
         <run_address>0xffe4</run_address>
         <size>0x2</size>
         <input_file_ref idref="fl-3a"/>
      </object_component>
      <object_component id="oc-42">
         <name>.int03</name>
         <load_address>0xffe6</load_address>
         <run_address>0xffe6</run_address>
         <size>0x2</size>
         <input_file_ref idref="fl-2"/>
      </object_component>
      <object_component id="oc-43">
         <name>.int05</name>
         <load_address>0xffea</load_address>
         <run_address>0xffea</run_address>
         <size>0x2</size>
         <input_file_ref idref="fl-2"/>
      </object_component>
      <object_component id="oc-44">
         <name>.int06</name>
         <load_address>0xffec</load_address>
         <run_address>0xffec</run_address>
         <size>0x2</size>
         <input_file_ref idref="fl-3b"/>
      </object_component>
      <object_component id="oc-45">
         <name>.int07</name>
         <load_address>0xffee</load_address>
         <run_address>0xffee</run_address>
         <size>0x2</size>
         <input_file_ref idref="fl-3c"/>
      </object_component>
      <object_component id="oc-46">
         <name>.int08</name>
         <load_address>0xfff0</load_address>
         <run_address>0xfff0</run_address>
         <size>0x2</size>
         <input_file_ref idref="fl-3d"/>
      </object_component>
      <object_component id="oc-47">
         <name>.int09</name>
         <load_address>0xfff2</load_address>
         <run_address>0xfff2</run_address>
         <size>0x2</size>
         <input_file_ref idref="fl-3e"/>
      </object_component>
      <object_component id="oc-48">
         <name>.int10</name>
         <load_address>0xfff4</load_address>
         <run_address>0xfff4</run_address>
         <size>0x2</size>
         <input_file_ref idref="fl-3f"/>
      </object_component>
      <object_component id="oc-49">
         <name>.int11</name>
         <load_address>0xfff6</load_address>
         <run_address>0xfff6</run_address>
         <size>0x2</size>
         <input_file_ref idref="fl-40"/>
      </object_component>
      <object_component id="oc-4a">
         <name>.int12</name>
         <load_address>0xfff8</load_address>
         <run_address>0xfff8</run_address>
         <size>0x2</size>
         <input_file_ref idref="fl-41"/>
      </object_component>
      <object_component id="oc-4b">
         <name>.int13</name>
         <load_address>0xfffa</load_address>
         <run_address>0xfffa</run_address>
         <size>0x2</size>
         <input_file_ref idref="fl-42"/>
      </object_component>
      <object_component id="oc-4c">
         <name>.int14</name>
         <load_address>0xfffc</load_address>
         <run_address>0xfffc</run_address>
         <size>0x2</size>
         <input_file_ref idref="fl-43"/>
      </object_component>
      <object_component id="oc-f4">
         <name>.reset</name>
         <load_address>0xfffe</load_address>
         <run_address>0xfffe</run_address>
         <size>0x2</size>
         <input_file_ref idref="fl-1f"/>
      </object_component>
      <object_component id="oc-222">
         <name>.debug_info</name>
         <load_address>0x0</load_address>
         <run_address>0x0</run_address>
         <size>0x60b</size>
         <input_file_ref idref="fl-2"/>
      </object_component>
      <object_component id="oc-271">
         <name>.debug_info</name>
         <load_address>0x60b</load_address>
         <run_address>0x60b</run_address>
         <size>0xf9</size>
         <input_file_ref idref="fl-2"/>
      </object_component>
      <object_component id="oc-183">
         <name>.debug_info</name>
         <load_address>0x704</load_address>
         <run_address>0x704</run_address>
         <size>0x1fd</size>
         <input_file_ref idref="fl-2"/>
      </object_component>
      <object_component id="oc-26d">
         <name>.debug_info</name>
         <load_address>0x901</load_address>
         <run_address>0x901</run_address>
         <size>0x100</size>
         <input_file_ref idref="fl-2"/>
      </object_component>
      <object_component id="oc-22a">
         <name>.debug_info</name>
         <load_address>0xa01</load_address>
         <run_address>0xa01</run_address>
         <size>0x100</size>
         <input_file_ref idref="fl-2"/>
      </object_component>
      <object_component id="oc-155">
         <name>.debug_info</name>
         <load_address>0xb01</load_address>
         <run_address>0xb01</run_address>
         <size>0x2d6</size>
         <input_file_ref idref="fl-2"/>
      </object_component>
      <object_component id="oc-128">
         <name>.debug_info</name>
         <load_address>0xdd7</load_address>
         <run_address>0xdd7</run_address>
         <size>0x130</size>
         <input_file_ref idref="fl-2"/>
      </object_component>
      <object_component id="oc-1b9">
         <name>.debug_info</name>
         <load_address>0xf07</load_address>
         <run_address>0xf07</run_address>
         <size>0x12d</size>
         <input_file_ref idref="fl-2"/>
      </object_component>
      <object_component id="oc-1c5">
         <name>.debug_info</name>
         <load_address>0x1034</load_address>
         <run_address>0x1034</run_address>
         <size>0x12d</size>
         <input_file_ref idref="fl-2"/>
      </object_component>
      <object_component id="oc-122">
         <name>.debug_info</name>
         <load_address>0x1161</load_address>
         <run_address>0x1161</run_address>
         <size>0x141</size>
         <input_file_ref idref="fl-2"/>
      </object_component>
      <object_component id="oc-1bf">
         <name>.debug_info</name>
         <load_address>0x12a2</load_address>
         <run_address>0x12a2</run_address>
         <size>0x22e</size>
         <input_file_ref idref="fl-2"/>
      </object_component>
      <object_component id="oc-186">
         <name>.debug_info</name>
         <load_address>0x14d0</load_address>
         <run_address>0x14d0</run_address>
         <size>0x234</size>
         <input_file_ref idref="fl-2"/>
      </object_component>
      <object_component id="oc-1b3">
         <name>.debug_info</name>
         <load_address>0x1704</load_address>
         <run_address>0x1704</run_address>
         <size>0x29c</size>
         <input_file_ref idref="fl-2"/>
      </object_component>
      <object_component id="oc-25e">
         <name>.debug_info</name>
         <load_address>0x19a0</load_address>
         <run_address>0x19a0</run_address>
         <size>0x219</size>
         <input_file_ref idref="fl-2"/>
      </object_component>
      <object_component id="oc-21c">
         <name>.debug_info</name>
         <load_address>0x1bb9</load_address>
         <run_address>0x1bb9</run_address>
         <size>0x21a</size>
         <input_file_ref idref="fl-2"/>
      </object_component>
      <object_component id="oc-264">
         <name>.debug_info</name>
         <load_address>0x1dd3</load_address>
         <run_address>0x1dd3</run_address>
         <size>0x1ac</size>
         <input_file_ref idref="fl-2"/>
      </object_component>
      <object_component id="oc-10a">
         <name>.debug_info</name>
         <load_address>0x1f7f</load_address>
         <run_address>0x1f7f</run_address>
         <size>0x84</size>
         <input_file_ref idref="fl-2"/>
      </object_component>
      <object_component id="oc-2b9">
         <name>.debug_info</name>
         <load_address>0x2003</load_address>
         <run_address>0x2003</run_address>
         <size>0x206</size>
         <input_file_ref idref="fl-1d"/>
      </object_component>
      <object_component id="oc-1f4">
         <name>.debug_info</name>
         <load_address>0x2209</load_address>
         <run_address>0x2209</run_address>
         <size>0x253</size>
         <input_file_ref idref="fl-1d"/>
      </object_component>
      <object_component id="oc-282">
         <name>.debug_info</name>
         <load_address>0x245c</load_address>
         <run_address>0x245c</run_address>
         <size>0x94</size>
         <input_file_ref idref="fl-1d"/>
      </object_component>
      <object_component id="oc-2a2">
         <name>.debug_info</name>
         <load_address>0x24f0</load_address>
         <run_address>0x24f0</run_address>
         <size>0x118</size>
         <input_file_ref idref="fl-1e"/>
      </object_component>
      <object_component id="oc-f2">
         <name>.debug_info</name>
         <load_address>0x2608</load_address>
         <run_address>0x2608</run_address>
         <size>0xf5</size>
         <input_file_ref idref="fl-1f"/>
      </object_component>
      <object_component id="oc-6e">
         <name>.debug_info</name>
         <load_address>0x26fd</load_address>
         <run_address>0x26fd</run_address>
         <size>0x196</size>
         <input_file_ref idref="fl-20"/>
      </object_component>
      <object_component id="oc-172">
         <name>.debug_info</name>
         <load_address>0x2893</load_address>
         <run_address>0x2893</run_address>
         <size>0x16b</size>
         <input_file_ref idref="fl-21"/>
      </object_component>
      <object_component id="oc-35">
         <name>.debug_info</name>
         <load_address>0x29fe</load_address>
         <run_address>0x29fe</run_address>
         <size>0x287</size>
         <input_file_ref idref="fl-21"/>
      </object_component>
      <object_component id="oc-105">
         <name>.debug_info</name>
         <load_address>0x2c85</load_address>
         <run_address>0x2c85</run_address>
         <size>0x60</size>
         <input_file_ref idref="fl-21"/>
      </object_component>
      <object_component id="oc-16d">
         <name>.debug_info</name>
         <load_address>0x2ce5</load_address>
         <run_address>0x2ce5</run_address>
         <size>0x46</size>
         <input_file_ref idref="fl-21"/>
      </object_component>
      <object_component id="oc-11b">
         <name>.debug_info</name>
         <load_address>0x2d2b</load_address>
         <run_address>0x2d2b</run_address>
         <size>0x1b2</size>
         <input_file_ref idref="fl-22"/>
      </object_component>
      <object_component id="oc-3e">
         <name>.debug_info</name>
         <load_address>0x2edd</load_address>
         <run_address>0x2edd</run_address>
         <size>0x1df</size>
         <input_file_ref idref="fl-22"/>
      </object_component>
      <object_component id="oc-116">
         <name>.debug_info</name>
         <load_address>0x30bc</load_address>
         <run_address>0x30bc</run_address>
         <size>0x46</size>
         <input_file_ref idref="fl-22"/>
      </object_component>
      <object_component id="oc-17a">
         <name>.debug_info</name>
         <load_address>0x3102</load_address>
         <run_address>0x3102</run_address>
         <size>0x2c</size>
         <input_file_ref idref="fl-22"/>
      </object_component>
      <object_component id="oc-133">
         <name>.debug_info</name>
         <load_address>0x312e</load_address>
         <run_address>0x312e</run_address>
         <size>0x16a</size>
         <input_file_ref idref="fl-23"/>
      </object_component>
      <object_component id="oc-50">
         <name>.debug_info</name>
         <load_address>0x3298</load_address>
         <run_address>0x3298</run_address>
         <size>0x1b5</size>
         <input_file_ref idref="fl-23"/>
      </object_component>
      <object_component id="oc-12e">
         <name>.debug_info</name>
         <load_address>0x344d</load_address>
         <run_address>0x344d</run_address>
         <size>0x46</size>
         <input_file_ref idref="fl-23"/>
      </object_component>
      <object_component id="oc-175">
         <name>.debug_info</name>
         <load_address>0x3493</load_address>
         <run_address>0x3493</run_address>
         <size>0x2c</size>
         <input_file_ref idref="fl-23"/>
      </object_component>
      <object_component id="oc-1e5">
         <name>.debug_info</name>
         <load_address>0x34bf</load_address>
         <run_address>0x34bf</run_address>
         <size>0x119</size>
         <input_file_ref idref="fl-24"/>
      </object_component>
      <object_component id="oc-287">
         <name>.debug_info</name>
         <load_address>0x35d8</load_address>
         <run_address>0x35d8</run_address>
         <size>0x201</size>
         <input_file_ref idref="fl-25"/>
      </object_component>
      <object_component id="oc-1d2">
         <name>.debug_info</name>
         <load_address>0x37d9</load_address>
         <run_address>0x37d9</run_address>
         <size>0x27f</size>
         <input_file_ref idref="fl-25"/>
      </object_component>
      <object_component id="oc-1ef">
         <name>.debug_info</name>
         <load_address>0x3a58</load_address>
         <run_address>0x3a58</run_address>
         <size>0x79f</size>
         <input_file_ref idref="fl-26"/>
      </object_component>
      <object_component id="oc-2ad">
         <name>.debug_info</name>
         <load_address>0x41f7</load_address>
         <run_address>0x41f7</run_address>
         <size>0x39</size>
         <input_file_ref idref="fl-26"/>
      </object_component>
      <object_component id="oc-101">
         <name>.debug_info</name>
         <load_address>0x4230</load_address>
         <run_address>0x4230</run_address>
         <size>0x126</size>
         <input_file_ref idref="fl-27"/>
      </object_component>
      <object_component id="oc-299">
         <name>.debug_info</name>
         <load_address>0x4356</load_address>
         <run_address>0x4356</run_address>
         <size>0xf3</size>
         <input_file_ref idref="fl-28"/>
      </object_component>
      <object_component id="oc-160">
         <name>.debug_info</name>
         <load_address>0x4449</load_address>
         <run_address>0x4449</run_address>
         <size>0x117</size>
         <input_file_ref idref="fl-29"/>
      </object_component>
      <object_component id="oc-1dd">
         <name>.debug_info</name>
         <load_address>0x4560</load_address>
         <run_address>0x4560</run_address>
         <size>0x166</size>
         <input_file_ref idref="fl-2b"/>
      </object_component>
      <object_component id="oc-28d">
         <name>.debug_info</name>
         <load_address>0x46c6</load_address>
         <run_address>0x46c6</run_address>
         <size>0x1b5</size>
         <input_file_ref idref="fl-2c"/>
      </object_component>
      <object_component id="oc-1fd">
         <name>.debug_info</name>
         <load_address>0x487b</load_address>
         <run_address>0x487b</run_address>
         <size>0x160</size>
         <input_file_ref idref="fl-2d"/>
      </object_component>
      <object_component id="oc-2bb">
         <name>.debug_info</name>
         <load_address>0x49db</load_address>
         <run_address>0x49db</run_address>
         <size>0x1b5</size>
         <input_file_ref idref="fl-2e"/>
      </object_component>
      <object_component id="oc-1e8">
         <name>.debug_info</name>
         <load_address>0x4b90</load_address>
         <run_address>0x4b90</run_address>
         <size>0x15b</size>
         <input_file_ref idref="fl-2f"/>
      </object_component>
      <object_component id="oc-300">
         <name>.debug_info</name>
         <load_address>0x4ceb</load_address>
         <run_address>0x4ceb</run_address>
         <size>0x1ca</size>
         <input_file_ref idref="fl-30"/>
      </object_component>
      <object_component id="oc-293">
         <name>.debug_info</name>
         <load_address>0x4eb5</load_address>
         <run_address>0x4eb5</run_address>
         <size>0x210</size>
         <input_file_ref idref="fl-30"/>
      </object_component>
      <object_component id="oc-1cd">
         <name>.debug_info</name>
         <load_address>0x50c5</load_address>
         <run_address>0x50c5</run_address>
         <size>0x15b</size>
         <input_file_ref idref="fl-31"/>
      </object_component>
      <object_component id="oc-2ea">
         <name>.debug_info</name>
         <load_address>0x5220</load_address>
         <run_address>0x5220</run_address>
         <size>0x1ca</size>
         <input_file_ref idref="fl-32"/>
      </object_component>
      <object_component id="oc-277">
         <name>.debug_info</name>
         <load_address>0x53ea</load_address>
         <run_address>0x53ea</run_address>
         <size>0x1d8</size>
         <input_file_ref idref="fl-32"/>
      </object_component>
      <object_component id="oc-31e">
         <name>.debug_info</name>
         <load_address>0x55c2</load_address>
         <run_address>0x55c2</run_address>
         <size>0x1ff</size>
         <input_file_ref idref="fl-33"/>
      </object_component>
      <object_component id="oc-2b3">
         <name>.debug_info</name>
         <load_address>0x57c1</load_address>
         <run_address>0x57c1</run_address>
         <size>0x31e</size>
         <input_file_ref idref="fl-33"/>
      </object_component>
      <object_component id="oc-2f6">
         <name>.debug_info</name>
         <load_address>0x5adf</load_address>
         <run_address>0x5adf</run_address>
         <size>0x1d1</size>
         <input_file_ref idref="fl-34"/>
      </object_component>
      <object_component id="oc-27c">
         <name>.debug_info</name>
         <load_address>0x5cb0</load_address>
         <run_address>0x5cb0</run_address>
         <size>0x5c4</size>
         <input_file_ref idref="fl-34"/>
      </object_component>
      <object_component id="oc-20a">
         <name>.debug_info</name>
         <load_address>0x6274</load_address>
         <run_address>0x6274</run_address>
         <size>0x119</size>
         <input_file_ref idref="fl-35"/>
      </object_component>
      <object_component id="oc-207">
         <name>.debug_info</name>
         <load_address>0x638d</load_address>
         <run_address>0x638d</run_address>
         <size>0x119</size>
         <input_file_ref idref="fl-36"/>
      </object_component>
      <object_component id="oc-211">
         <name>.debug_info</name>
         <load_address>0x64a6</load_address>
         <run_address>0x64a6</run_address>
         <size>0x127</size>
         <input_file_ref idref="fl-37"/>
      </object_component>
      <object_component id="oc-201">
         <name>.debug_info</name>
         <load_address>0x65cd</load_address>
         <run_address>0x65cd</run_address>
         <size>0x11c</size>
         <input_file_ref idref="fl-38"/>
      </object_component>
      <object_component id="oc-11d">
         <name>.debug_info</name>
         <load_address>0x66e9</load_address>
         <run_address>0x66e9</run_address>
         <size>0x107</size>
         <input_file_ref idref="fl-44"/>
      </object_component>
      <object_component id="oc-f7">
         <name>.debug_info</name>
         <load_address>0x67f0</load_address>
         <run_address>0x67f0</run_address>
         <size>0x118</size>
         <input_file_ref idref="fl-45"/>
      </object_component>
      <object_component id="oc-310">
         <name>.debug_info</name>
         <load_address>0x6908</load_address>
         <run_address>0x6908</run_address>
         <size>0x118</size>
         <input_file_ref idref="fl-46"/>
      </object_component>
      <object_component id="oc-2e0">
         <name>.debug_info</name>
         <load_address>0x6a20</load_address>
         <run_address>0x6a20</run_address>
         <size>0x11e</size>
         <input_file_ref idref="fl-46"/>
      </object_component>
      <object_component id="oc-fd">
         <name>.debug_info</name>
         <load_address>0x6b3e</load_address>
         <run_address>0x6b3e</run_address>
         <size>0x118</size>
         <input_file_ref idref="fl-47"/>
      </object_component>
      <object_component id="oc-2fc">
         <name>.debug_info</name>
         <load_address>0x6c56</load_address>
         <run_address>0x6c56</run_address>
         <size>0x118</size>
         <input_file_ref idref="fl-48"/>
      </object_component>
      <object_component id="oc-2e5">
         <name>.debug_info</name>
         <load_address>0x6d6e</load_address>
         <run_address>0x6d6e</run_address>
         <size>0x11e</size>
         <input_file_ref idref="fl-48"/>
      </object_component>
      <object_component id="oc-174">
         <name>.debug_info</name>
         <load_address>0x6e8c</load_address>
         <run_address>0x6e8c</run_address>
         <size>0x16d</size>
         <input_file_ref idref="fl-4a"/>
      </object_component>
      <object_component id="oc-111">
         <name>.debug_info</name>
         <load_address>0x6ff9</load_address>
         <run_address>0x6ff9</run_address>
         <size>0x191</size>
         <input_file_ref idref="fl-4a"/>
      </object_component>
      <object_component id="oc-30a">
         <name>.debug_info</name>
         <load_address>0x718a</load_address>
         <run_address>0x718a</run_address>
         <size>0x201</size>
         <input_file_ref idref="fl-4c"/>
      </object_component>
      <object_component id="oc-29d">
         <name>.debug_info</name>
         <load_address>0x738b</load_address>
         <run_address>0x738b</run_address>
         <size>0x2d5</size>
         <input_file_ref idref="fl-4c"/>
      </object_component>
      <object_component id="oc-227">
         <name>.debug_info</name>
         <load_address>0x7660</load_address>
         <run_address>0x7660</run_address>
         <size>0x119</size>
         <input_file_ref idref="fl-4d"/>
      </object_component>
      <object_component id="oc-2ec">
         <name>.debug_info</name>
         <load_address>0x7779</load_address>
         <run_address>0x7779</run_address>
         <size>0x119</size>
         <input_file_ref idref="fl-4e"/>
      </object_component>
      <object_component id="oc-137">
         <name>.debug_info</name>
         <load_address>0x7892</load_address>
         <run_address>0x7892</run_address>
         <size>0x148</size>
         <input_file_ref idref="fl-4f"/>
      </object_component>
      <object_component id="oc-336">
         <name>.debug_info</name>
         <load_address>0x79da</load_address>
         <run_address>0x79da</run_address>
         <size>0x1d1</size>
         <input_file_ref idref="fl-50"/>
      </object_component>
      <object_component id="oc-318">
         <name>.debug_info</name>
         <load_address>0x7bab</load_address>
         <run_address>0x7bab</run_address>
         <size>0x1ee</size>
         <input_file_ref idref="fl-50"/>
      </object_component>
      <object_component id="oc-2cc">
         <name>.debug_info</name>
         <load_address>0x7d99</load_address>
         <run_address>0x7d99</run_address>
         <size>0x157</size>
         <input_file_ref idref="fl-51"/>
      </object_component>
      <object_component id="oc-22f">
         <name>.debug_info</name>
         <load_address>0x7ef0</load_address>
         <run_address>0x7ef0</run_address>
         <size>0x215</size>
         <input_file_ref idref="fl-51"/>
      </object_component>
      <object_component id="oc-1d7">
         <name>.debug_info</name>
         <load_address>0x8105</load_address>
         <run_address>0x8105</run_address>
         <size>0x182</size>
         <input_file_ref idref="fl-52"/>
      </object_component>
      <object_component id="oc-313">
         <name>.debug_info</name>
         <load_address>0x8287</load_address>
         <run_address>0x8287</run_address>
         <size>0x118</size>
         <input_file_ref idref="fl-55"/>
      </object_component>
      <object_component id="oc-2f1">
         <name>.debug_info</name>
         <load_address>0x839f</load_address>
         <run_address>0x839f</run_address>
         <size>0x11e</size>
         <input_file_ref idref="fl-55"/>
      </object_component>
      <object_component id="oc-19d">
         <name>.debug_info</name>
         <load_address>0x84bd</load_address>
         <run_address>0x84bd</run_address>
         <size>0x3b6</size>
         <input_file_ref idref="fl-56"/>
      </object_component>
      <object_component id="oc-13b">
         <name>.debug_info</name>
         <load_address>0x8873</load_address>
         <run_address>0x8873</run_address>
         <size>0x1c2</size>
         <input_file_ref idref="fl-56"/>
      </object_component>
      <object_component id="oc-238">
         <name>.debug_info</name>
         <load_address>0x8a35</load_address>
         <run_address>0x8a35</run_address>
         <size>0x39</size>
         <input_file_ref idref="fl-56"/>
      </object_component>
      <object_component id="oc-23d">
         <name>.debug_info</name>
         <load_address>0x8a6e</load_address>
         <run_address>0x8a6e</run_address>
         <size>0xcd</size>
         <input_file_ref idref="fl-56"/>
      </object_component>
      <object_component id="oc-2a7">
         <name>.debug_info</name>
         <load_address>0x8b3b</load_address>
         <run_address>0x8b3b</run_address>
         <size>0x1a4</size>
         <input_file_ref idref="fl-57"/>
      </object_component>
      <object_component id="oc-234">
         <name>.debug_info</name>
         <load_address>0x8cdf</load_address>
         <run_address>0x8cdf</run_address>
         <size>0x252</size>
         <input_file_ref idref="fl-58"/>
      </object_component>
      <object_component id="oc-191">
         <name>.debug_info</name>
         <load_address>0x8f31</load_address>
         <run_address>0x8f31</run_address>
         <size>0x1b0</size>
         <input_file_ref idref="fl-58"/>
      </object_component>
      <object_component id="oc-2cf">
         <name>.debug_info</name>
         <load_address>0x90e1</load_address>
         <run_address>0x90e1</run_address>
         <size>0x2c</size>
         <input_file_ref idref="fl-58"/>
      </object_component>
      <object_component id="oc-330">
         <name>.debug_info</name>
         <load_address>0x910d</load_address>
         <run_address>0x910d</run_address>
         <size>0x1d1</size>
         <input_file_ref idref="fl-59"/>
      </object_component>
      <object_component id="oc-306">
         <name>.debug_info</name>
         <load_address>0x92de</load_address>
         <run_address>0x92de</run_address>
         <size>0x3a0</size>
         <input_file_ref idref="fl-59"/>
      </object_component>
      <object_component id="oc-19a">
         <name>.debug_info</name>
         <load_address>0x967e</load_address>
         <run_address>0x967e</run_address>
         <size>0x145</size>
         <input_file_ref idref="fl-5a"/>
      </object_component>
      <object_component id="oc-379">
         <name>.debug_info</name>
         <load_address>0x97c3</load_address>
         <run_address>0x97c3</run_address>
         <size>0xd5</size>
      </object_component>
      <object_component id="oc-2c7">
         <name>.debug_line</name>
         <load_address>0x0</load_address>
         <run_address>0x0</run_address>
         <size>0xf4</size>
         <input_file_ref idref="fl-2"/>
      </object_component>
      <object_component id="oc-2de">
         <name>.debug_line</name>
         <load_address>0xf4</load_address>
         <run_address>0xf4</run_address>
         <size>0x2d</size>
         <input_file_ref idref="fl-2"/>
      </object_component>
      <object_component id="oc-21a">
         <name>.debug_line</name>
         <load_address>0x121</load_address>
         <run_address>0x121</run_address>
         <size>0x2d</size>
         <input_file_ref idref="fl-2"/>
      </object_component>
      <object_component id="oc-2dc">
         <name>.debug_line</name>
         <load_address>0x14e</load_address>
         <run_address>0x14e</run_address>
         <size>0x2d</size>
         <input_file_ref idref="fl-2"/>
      </object_component>
      <object_component id="oc-2ca">
         <name>.debug_line</name>
         <load_address>0x17b</load_address>
         <run_address>0x17b</run_address>
         <size>0x2d</size>
         <input_file_ref idref="fl-2"/>
      </object_component>
      <object_component id="oc-158">
         <name>.debug_line</name>
         <load_address>0x1a8</load_address>
         <run_address>0x1a8</run_address>
         <size>0x6a</size>
         <input_file_ref idref="fl-2"/>
      </object_component>
      <object_component id="oc-12b">
         <name>.debug_line</name>
         <load_address>0x212</load_address>
         <run_address>0x212</run_address>
         <size>0x43</size>
         <input_file_ref idref="fl-2"/>
      </object_component>
      <object_component id="oc-1bc">
         <name>.debug_line</name>
         <load_address>0x255</load_address>
         <run_address>0x255</run_address>
         <size>0x46</size>
         <input_file_ref idref="fl-2"/>
      </object_component>
      <object_component id="oc-1c8">
         <name>.debug_line</name>
         <load_address>0x29b</load_address>
         <run_address>0x29b</run_address>
         <size>0x49</size>
         <input_file_ref idref="fl-2"/>
      </object_component>
      <object_component id="oc-125">
         <name>.debug_line</name>
         <load_address>0x2e4</load_address>
         <run_address>0x2e4</run_address>
         <size>0x46</size>
         <input_file_ref idref="fl-2"/>
      </object_component>
      <object_component id="oc-1c2">
         <name>.debug_line</name>
         <load_address>0x32a</load_address>
         <run_address>0x32a</run_address>
         <size>0x69</size>
         <input_file_ref idref="fl-2"/>
      </object_component>
      <object_component id="oc-189">
         <name>.debug_line</name>
         <load_address>0x393</load_address>
         <run_address>0x393</run_address>
         <size>0x69</size>
         <input_file_ref idref="fl-2"/>
      </object_component>
      <object_component id="oc-1b6">
         <name>.debug_line</name>
         <load_address>0x3fc</load_address>
         <run_address>0x3fc</run_address>
         <size>0x70</size>
         <input_file_ref idref="fl-2"/>
      </object_component>
      <object_component id="oc-261">
         <name>.debug_line</name>
         <load_address>0x46c</load_address>
         <run_address>0x46c</run_address>
         <size>0x12b</size>
         <input_file_ref idref="fl-2"/>
      </object_component>
      <object_component id="oc-21f">
         <name>.debug_line</name>
         <load_address>0x597</load_address>
         <run_address>0x597</run_address>
         <size>0x51</size>
         <input_file_ref idref="fl-2"/>
      </object_component>
      <object_component id="oc-267">
         <name>.debug_line</name>
         <load_address>0x5e8</load_address>
         <run_address>0x5e8</run_address>
         <size>0x47</size>
         <input_file_ref idref="fl-2"/>
      </object_component>
      <object_component id="oc-10d">
         <name>.debug_line</name>
         <load_address>0x62f</load_address>
         <run_address>0x62f</run_address>
         <size>0x20</size>
         <input_file_ref idref="fl-2"/>
      </object_component>
      <object_component id="oc-320">
         <name>.debug_line</name>
         <load_address>0x64f</load_address>
         <run_address>0x64f</run_address>
         <size>0x2d</size>
         <input_file_ref idref="fl-1d"/>
      </object_component>
      <object_component id="oc-1f8">
         <name>.debug_line</name>
         <load_address>0x67c</load_address>
         <run_address>0x67c</run_address>
         <size>0xcb</size>
         <input_file_ref idref="fl-1d"/>
      </object_component>
      <object_component id="oc-285">
         <name>.debug_line</name>
         <load_address>0x747</load_address>
         <run_address>0x747</run_address>
         <size>0x2e</size>
         <input_file_ref idref="fl-1d"/>
      </object_component>
      <object_component id="oc-2a5">
         <name>.debug_line</name>
         <load_address>0x775</load_address>
         <run_address>0x775</run_address>
         <size>0x4e</size>
         <input_file_ref idref="fl-1e"/>
      </object_component>
      <object_component id="oc-169">
         <name>.debug_line</name>
         <load_address>0x7c3</load_address>
         <run_address>0x7c3</run_address>
         <size>0x2a</size>
         <input_file_ref idref="fl-1f"/>
      </object_component>
      <object_component id="oc-70">
         <name>.debug_line</name>
         <load_address>0x7ed</load_address>
         <run_address>0x7ed</run_address>
         <size>0x4c</size>
         <input_file_ref idref="fl-20"/>
      </object_component>
      <object_component id="oc-216">
         <name>.debug_line</name>
         <load_address>0x839</load_address>
         <run_address>0x839</run_address>
         <size>0x20</size>
         <input_file_ref idref="fl-21"/>
      </object_component>
      <object_component id="oc-38">
         <name>.debug_line</name>
         <load_address>0x859</load_address>
         <run_address>0x859</run_address>
         <size>0x92</size>
         <input_file_ref idref="fl-21"/>
      </object_component>
      <object_component id="oc-108">
         <name>.debug_line</name>
         <load_address>0x8eb</load_address>
         <run_address>0x8eb</run_address>
         <size>0x3a</size>
         <input_file_ref idref="fl-21"/>
      </object_component>
      <object_component id="oc-170">
         <name>.debug_line</name>
         <load_address>0x925</load_address>
         <run_address>0x925</run_address>
         <size>0x8a</size>
         <input_file_ref idref="fl-21"/>
      </object_component>
      <object_component id="oc-180">
         <name>.debug_line</name>
         <load_address>0x9af</load_address>
         <run_address>0x9af</run_address>
         <size>0x8a</size>
         <input_file_ref idref="fl-22"/>
      </object_component>
      <object_component id="oc-3d">
         <name>.debug_line</name>
         <load_address>0xa39</load_address>
         <run_address>0xa39</run_address>
         <size>0x50</size>
         <input_file_ref idref="fl-22"/>
      </object_component>
      <object_component id="oc-119">
         <name>.debug_line</name>
         <load_address>0xa89</load_address>
         <run_address>0xa89</run_address>
         <size>0x3a</size>
         <input_file_ref idref="fl-22"/>
      </object_component>
      <object_component id="oc-17d">
         <name>.debug_line</name>
         <load_address>0xac3</load_address>
         <run_address>0xac3</run_address>
         <size>0x8a</size>
         <input_file_ref idref="fl-22"/>
      </object_component>
      <object_component id="oc-18e">
         <name>.debug_line</name>
         <load_address>0xb4d</load_address>
         <run_address>0xb4d</run_address>
         <size>0x20</size>
         <input_file_ref idref="fl-23"/>
      </object_component>
      <object_component id="oc-52">
         <name>.debug_line</name>
         <load_address>0xb6d</load_address>
         <run_address>0xb6d</run_address>
         <size>0x4d</size>
         <input_file_ref idref="fl-23"/>
      </object_component>
      <object_component id="oc-131">
         <name>.debug_line</name>
         <load_address>0xbba</load_address>
         <run_address>0xbba</run_address>
         <size>0x34</size>
         <input_file_ref idref="fl-23"/>
      </object_component>
      <object_component id="oc-178">
         <name>.debug_line</name>
         <load_address>0xbee</load_address>
         <run_address>0xbee</run_address>
         <size>0x8a</size>
         <input_file_ref idref="fl-23"/>
      </object_component>
      <object_component id="oc-1e4">
         <name>.debug_line</name>
         <load_address>0xc78</load_address>
         <run_address>0xc78</run_address>
         <size>0x43</size>
         <input_file_ref idref="fl-24"/>
      </object_component>
      <object_component id="oc-2f8">
         <name>.debug_line</name>
         <load_address>0xcbb</load_address>
         <run_address>0xcbb</run_address>
         <size>0x2d</size>
         <input_file_ref idref="fl-25"/>
      </object_component>
      <object_component id="oc-1d1">
         <name>.debug_line</name>
         <load_address>0xce8</load_address>
         <run_address>0xce8</run_address>
         <size>0xe9</size>
         <input_file_ref idref="fl-25"/>
      </object_component>
      <object_component id="oc-1ee">
         <name>.debug_line</name>
         <load_address>0xdd1</load_address>
         <run_address>0xdd1</run_address>
         <size>0xab</size>
         <input_file_ref idref="fl-26"/>
      </object_component>
      <object_component id="oc-2b0">
         <name>.debug_line</name>
         <load_address>0xe7c</load_address>
         <run_address>0xe7c</run_address>
         <size>0x8a</size>
         <input_file_ref idref="fl-26"/>
      </object_component>
      <object_component id="oc-100">
         <name>.debug_line</name>
         <load_address>0xf06</load_address>
         <run_address>0xf06</run_address>
         <size>0x40</size>
         <input_file_ref idref="fl-27"/>
      </object_component>
      <object_component id="oc-302">
         <name>.debug_line</name>
         <load_address>0xf46</load_address>
         <run_address>0xf46</run_address>
         <size>0x2b</size>
         <input_file_ref idref="fl-28"/>
      </object_component>
      <object_component id="oc-15d">
         <name>.debug_line</name>
         <load_address>0xf71</load_address>
         <run_address>0xf71</run_address>
         <size>0x3d</size>
         <input_file_ref idref="fl-29"/>
      </object_component>
      <object_component id="oc-1e0">
         <name>.debug_line</name>
         <load_address>0xfae</load_address>
         <run_address>0xfae</run_address>
         <size>0x3d</size>
         <input_file_ref idref="fl-2b"/>
      </object_component>
      <object_component id="oc-28a">
         <name>.debug_line</name>
         <load_address>0xfeb</load_address>
         <run_address>0xfeb</run_address>
         <size>0x5c</size>
         <input_file_ref idref="fl-2c"/>
      </object_component>
      <object_component id="oc-1fa">
         <name>.debug_line</name>
         <load_address>0x1047</load_address>
         <run_address>0x1047</run_address>
         <size>0x3d</size>
         <input_file_ref idref="fl-2d"/>
      </object_component>
      <object_component id="oc-2be">
         <name>.debug_line</name>
         <load_address>0x1084</load_address>
         <run_address>0x1084</run_address>
         <size>0x5a</size>
         <input_file_ref idref="fl-2e"/>
      </object_component>
      <object_component id="oc-1eb">
         <name>.debug_line</name>
         <load_address>0x10de</load_address>
         <run_address>0x10de</run_address>
         <size>0x3d</size>
         <input_file_ref idref="fl-2f"/>
      </object_component>
      <object_component id="oc-32e">
         <name>.debug_line</name>
         <load_address>0x111b</load_address>
         <run_address>0x111b</run_address>
         <size>0x20</size>
         <input_file_ref idref="fl-30"/>
      </object_component>
      <object_component id="oc-295">
         <name>.debug_line</name>
         <load_address>0x113b</load_address>
         <run_address>0x113b</run_address>
         <size>0x81</size>
         <input_file_ref idref="fl-30"/>
      </object_component>
      <object_component id="oc-1cb">
         <name>.debug_line</name>
         <load_address>0x11bc</load_address>
         <run_address>0x11bc</run_address>
         <size>0x3d</size>
         <input_file_ref idref="fl-31"/>
      </object_component>
      <object_component id="oc-327">
         <name>.debug_line</name>
         <load_address>0x11f9</load_address>
         <run_address>0x11f9</run_address>
         <size>0x20</size>
         <input_file_ref idref="fl-32"/>
      </object_component>
      <object_component id="oc-279">
         <name>.debug_line</name>
         <load_address>0x1219</load_address>
         <run_address>0x1219</run_address>
         <size>0x71</size>
         <input_file_ref idref="fl-32"/>
      </object_component>
      <object_component id="oc-338">
         <name>.debug_line</name>
         <load_address>0x128a</load_address>
         <run_address>0x128a</run_address>
         <size>0x2d</size>
         <input_file_ref idref="fl-33"/>
      </object_component>
      <object_component id="oc-2b6">
         <name>.debug_line</name>
         <load_address>0x12b7</load_address>
         <run_address>0x12b7</run_address>
         <size>0xfd</size>
         <input_file_ref idref="fl-33"/>
      </object_component>
      <object_component id="oc-32b">
         <name>.debug_line</name>
         <load_address>0x13b4</load_address>
         <run_address>0x13b4</run_address>
         <size>0x20</size>
         <input_file_ref idref="fl-34"/>
      </object_component>
      <object_component id="oc-27f">
         <name>.debug_line</name>
         <load_address>0x13d4</load_address>
         <run_address>0x13d4</run_address>
         <size>0xdc</size>
         <input_file_ref idref="fl-34"/>
      </object_component>
      <object_component id="oc-20d">
         <name>.debug_line</name>
         <load_address>0x14b0</load_address>
         <run_address>0x14b0</run_address>
         <size>0xbb</size>
         <input_file_ref idref="fl-35"/>
      </object_component>
      <object_component id="oc-205">
         <name>.debug_line</name>
         <load_address>0x156b</load_address>
         <run_address>0x156b</run_address>
         <size>0x94</size>
         <input_file_ref idref="fl-36"/>
      </object_component>
      <object_component id="oc-210">
         <name>.debug_line</name>
         <load_address>0x15ff</load_address>
         <run_address>0x15ff</run_address>
         <size>0x5a</size>
         <input_file_ref idref="fl-37"/>
      </object_component>
      <object_component id="oc-203">
         <name>.debug_line</name>
         <load_address>0x1659</load_address>
         <run_address>0x1659</run_address>
         <size>0x4d</size>
         <input_file_ref idref="fl-38"/>
      </object_component>
      <object_component id="oc-120">
         <name>.debug_line</name>
         <load_address>0x16a6</load_address>
         <run_address>0x16a6</run_address>
         <size>0x3d</size>
         <input_file_ref idref="fl-44"/>
      </object_component>
      <object_component id="oc-f9">
         <name>.debug_line</name>
         <load_address>0x16e3</load_address>
         <run_address>0x16e3</run_address>
         <size>0x4e</size>
         <input_file_ref idref="fl-45"/>
      </object_component>
      <object_component id="oc-30e">
         <name>.debug_line</name>
         <load_address>0x1731</load_address>
         <run_address>0x1731</run_address>
         <size>0x3e</size>
         <input_file_ref idref="fl-46"/>
      </object_component>
      <object_component id="oc-2e3">
         <name>.debug_line</name>
         <load_address>0x176f</load_address>
         <run_address>0x176f</run_address>
         <size>0x56</size>
         <input_file_ref idref="fl-46"/>
      </object_component>
      <object_component id="oc-fb">
         <name>.debug_line</name>
         <load_address>0x17c5</load_address>
         <run_address>0x17c5</run_address>
         <size>0x5e</size>
         <input_file_ref idref="fl-47"/>
      </object_component>
      <object_component id="oc-2fa">
         <name>.debug_line</name>
         <load_address>0x1823</load_address>
         <run_address>0x1823</run_address>
         <size>0x42</size>
         <input_file_ref idref="fl-48"/>
      </object_component>
      <object_component id="oc-2e8">
         <name>.debug_line</name>
         <load_address>0x1865</load_address>
         <run_address>0x1865</run_address>
         <size>0x65</size>
         <input_file_ref idref="fl-48"/>
      </object_component>
      <object_component id="oc-218">
         <name>.debug_line</name>
         <load_address>0x18ca</load_address>
         <run_address>0x18ca</run_address>
         <size>0x20</size>
         <input_file_ref idref="fl-4a"/>
      </object_component>
      <object_component id="oc-110">
[...]
         <value>0xe3b6</value>
         <object_component_ref idref="oc-2ba"/>
      </symbol>
      <symbol id="sm-2af">
         <name>__mspabi_fltid</name>
         <value>0xe94e</value>
         <object_component_ref idref="oc-1e7"/>
      </symbol>
      <symbol id="sm-2c6">
         <name>__mspabi_fltlid</name>
         <value>0xe182</value>
         <object_component_ref idref="oc-291"/>
      </symbol>
      <symbol id="sm-2cf">
         <name>__mspabi_fltud</name>
         <value>0xe96a</value>
         <object_component_ref idref="oc-1ca"/>
      </symbol>
      <symbol id="sm-2e4">
         <name>__mspabi_fltuld</name>
         <value>0xe22e</value>
         <object_component_ref idref="oc-274"/>
      </symbol>
      <symbol id="sm-305">
         <name>__TI_frcaddd</name>
         <value>0xd298</value>
         <object_component_ref idref="oc-2b2"/>
      </symbol>
      <symbol id="sm-320">
         <name>__TI_frcdivd</name>
         <value>0xc63c</value>
         <object_component_ref idref="oc-27b"/>
      </symbol>
      <symbol id="sm-33b">
         <name>__mspabi_subf</name>
         <value>0xdc7c</value>
         <object_component_ref idref="oc-209"/>
      </symbol>
      <symbol id="sm-33c">
         <name>__mspabi_addf</name>
         <value>0xdc82</value>
         <object_component_ref idref="oc-209"/>
      </symbol>
      <symbol id="sm-353">
         <name>__mspabi_mpyf</name>
         <value>0xde8a</value>
         <object_component_ref idref="oc-204"/>
      </symbol>
      <symbol id="sm-362">
         <name>__mspabi_fixfu</name>
         <value>0xe60c</value>
         <object_component_ref idref="oc-20e"/>
      </symbol>
      <symbol id="sm-36d">
         <name>__mspabi_fltuf</name>
         <value>0xe832</value>
         <object_component_ref idref="oc-1ff"/>
      </symbol>
      <symbol id="sm-370">
         <name>__TI_int00</name>
         <value>0xffe0</value>
         <object_component_ref idref="oc-40"/>
      </symbol>
      <symbol id="sm-373">
         <name>__TI_int02</name>
         <value>0xffe4</value>
         <object_component_ref idref="oc-41"/>
      </symbol>
      <symbol id="sm-376">
         <name>__TI_int06</name>
         <value>0xffec</value>
         <object_component_ref idref="oc-44"/>
      </symbol>
      <symbol id="sm-379">
         <name>__TI_int07</name>
         <value>0xffee</value>
         <object_component_ref idref="oc-45"/>
      </symbol>
      <symbol id="sm-37c">
         <name>__TI_int08</name>
         <value>0xfff0</value>
         <object_component_ref idref="oc-46"/>
      </symbol>
      <symbol id="sm-37f">
         <name>__TI_int09</name>
         <value>0xfff2</value>
         <object_component_ref idref="oc-47"/>
      </symbol>
      <symbol id="sm-382">
         <name>__TI_int10</name>
         <value>0xfff4</value>
         <object_component_ref idref="oc-48"/>
      </symbol>
      <symbol id="sm-385">
         <name>__TI_int11</name>
         <value>0xfff6</value>
         <object_component_ref idref="oc-49"/>
      </symbol>
      <symbol id="sm-388">
         <name>__TI_int12</name>
         <value>0xfff8</value>
         <object_component_ref idref="oc-4a"/>
      </symbol>
      <symbol id="sm-38b">
         <name>__TI_int13</name>
         <value>0xfffa</value>
         <object_component_ref idref="oc-4b"/>
      </symbol>
      <symbol id="sm-38e">
         <name>__TI_int14</name>
         <value>0xfffc</value>
         <object_component_ref idref="oc-4c"/>
      </symbol>
      <symbol id="sm-396">
         <name>__TI_ISR_TRAP</name>
         <value>0xe962</value>
         <object_component_ref idref="oc-11c"/>
      </symbol>
      <symbol id="sm-39e">
         <name>__mspabi_slli</name>
         <value>0xe76a</value>
         <object_component_ref idref="oc-f5"/>
      </symbol>
      <symbol id="sm-39f">
         <name>__mspabi_slli_9</name>
         <value>0xe782</value>
         <object_component_ref idref="oc-f5"/>
      </symbol>
      <symbol id="sm-3a0">
         <name>__mspabi_slli_8</name>
         <value>0xe784</value>
         <object_component_ref idref="oc-f5"/>
      </symbol>
      <symbol id="sm-3a1">
         <name>__mspabi_slli_7</name>
         <value>0xe786</value>
         <object_component_ref idref="oc-f5"/>
      </symbol>
      <symbol id="sm-3a2">
         <name>__mspabi_slli_6</name>
         <value>0xe788</value>
         <object_component_ref idref="oc-f5"/>
      </symbol>
      <symbol id="sm-3a3">
         <name>__mspabi_slli_5</name>
         <value>0xe78a</value>
         <object_component_ref idref="oc-f5"/>
      </symbol>
      <symbol id="sm-3a4">
         <name>__mspabi_slli_4</name>
         <value>0xe78c</value>
         <object_component_ref idref="oc-f5"/>
      </symbol>
      <symbol id="sm-3a5">
         <name>__mspabi_slli_3</name>
         <value>0xe78e</value>
         <object_component_ref idref="oc-f5"/>
      </symbol>
      <symbol id="sm-3a6">
         <name>__mspabi_slli_2</name>
         <value>0xe790</value>
         <object_component_ref idref="oc-f5"/>
      </symbol>
      <symbol id="sm-3a7">
         <name>__mspabi_slli_1</name>
         <value>0xe792</value>
         <object_component_ref idref="oc-f5"/>
      </symbol>
      <symbol id="sm-3a8">
         <name>__mspabi_slli_15</name>
         <value>0xe776</value>
         <object_component_ref idref="oc-f5"/>
      </symbol>
      <symbol id="sm-3a9">
         <name>__mspabi_slli_14</name>
         <value>0xe778</value>
         <object_component_ref idref="oc-f5"/>
      </symbol>
      <symbol id="sm-3aa">
         <name>__mspabi_slli_13</name>
         <value>0xe77a</value>
         <object_component_ref idref="oc-f5"/>
      </symbol>
      <symbol id="sm-3ab">
         <name>__mspabi_slli_12</name>
         <value>0xe77c</value>
         <object_component_ref idref="oc-f5"/>
      </symbol>
      <symbol id="sm-3ac">
         <name>__mspabi_slli_11</name>
         <value>0xe77e</value>
         <object_component_ref idref="oc-f5"/>
      </symbol>
      <symbol id="sm-3ad">
         <name>__mspabi_slli_10</name>
         <value>0xe780</value>
         <object_component_ref idref="oc-f5"/>
      </symbol>
      <symbol id="sm-3bd">
         <name>__mspabi_slll_9</name>
         <value>0xe6ea</value>
         <object_component_ref idref="oc-2df"/>
      </symbol>
      <symbol id="sm-3be">
         <name>__mspabi_slll_8</name>
         <value>0xe6ee</value>
         <object_component_ref idref="oc-2df"/>
      </symbol>
      <symbol id="sm-3bf">
         <name>__mspabi_slll_7</name>
         <value>0xe6f2</value>
         <object_component_ref idref="oc-2df"/>
      </symbol>
      <symbol id="sm-3c0">
         <name>__mspabi_slll_6</name>
         <value>0xe6f6</value>
         <object_component_ref idref="oc-2df"/>
      </symbol>
      <symbol id="sm-3c1">
         <name>__mspabi_slll_5</name>
         <value>0xe6fa</value>
         <object_component_ref idref="oc-2df"/>
      </symbol>
      <symbol id="sm-3c2">
         <name>__mspabi_slll_4</name>
         <value>0xe6fe</value>
         <object_component_ref idref="oc-2df"/>
      </symbol>
      <symbol id="sm-3c3">
         <name>__mspabi_slll_3</name>
         <value>0xe702</value>
         <object_component_ref idref="oc-2df"/>
      </symbol>
      <symbol id="sm-3c4">
         <name>__mspabi_slll_2</name>
         <value>0xe706</value>
         <object_component_ref idref="oc-2df"/>
      </symbol>
      <symbol id="sm-3c5">
         <name>__mspabi_slll_1</name>
         <value>0xe70a</value>
         <object_component_ref idref="oc-2df"/>
      </symbol>
      <symbol id="sm-3c6">
         <name>__mspabi_slll</name>
         <value>0xe920</value>
         <object_component_ref idref="oc-30d"/>
      </symbol>
      <symbol id="sm-3c7">
         <name>__mspabi_slll_15</name>
         <value>0xe6d2</value>
         <object_component_ref idref="oc-2df"/>
      </symbol>
      <symbol id="sm-3c8">
         <name>__mspabi_slll_14</name>
         <value>0xe6d6</value>
         <object_component_ref idref="oc-2df"/>
      </symbol>
      <symbol id="sm-3c9">
         <name>__mspabi_slll_13</name>
         <value>0xe6da</value>
         <object_component_ref idref="oc-2df"/>
      </symbol>
      <symbol id="sm-3ca">
         <name>__mspabi_slll_12</name>
         <value>0xe6de</value>
         <object_component_ref idref="oc-2df"/>
      </symbol>
      <symbol id="sm-3cb">
         <name>__mspabi_slll_11</name>
         <value>0xe6e2</value>
         <object_component_ref idref="oc-2df"/>
      </symbol>
      <symbol id="sm-3cc">
         <name>__mspabi_slll_10</name>
         <value>0xe6e6</value>
         <object_component_ref idref="oc-2df"/>
      </symbol>
      <symbol id="sm-3d4">
         <name>__mspabi_srli_8</name>
         <value>0xe5ea</value>
         <object_component_ref idref="oc-fa"/>
      </symbol>
      <symbol id="sm-3d5">
         <name>__mspabi_srli_9</name>
         <value>0xe5e6</value>
         <object_component_ref idref="oc-fa"/>
      </symbol>
      <symbol id="sm-3d6">
         <name>__mspabi_srli_6</name>
         <value>0xe5f2</value>
         <object_component_ref idref="oc-fa"/>
      </symbol>
      <symbol id="sm-3d7">
         <name>__mspabi_srli_7</name>
         <value>0xe5ee</value>
         <object_component_ref idref="oc-fa"/>
      </symbol>
      <symbol id="sm-3d8">
         <name>__mspabi_srli_4</name>
         <value>0xe5fa</value>
         <object_component_ref idref="oc-fa"/>
      </symbol>
      <symbol id="sm-3d9">
         <name>__mspabi_srli_5</name>
         <value>0xe5f6</value>
         <object_component_ref idref="oc-fa"/>
      </symbol>
      <symbol id="sm-3da">
         <name>__mspabi_srli_2</name>
         <value>0xe602</value>
         <object_component_ref idref="oc-fa"/>
      </symbol>
      <symbol id="sm-3db">
         <name>__mspabi_srli_3</name>
         <value>0xe5fe</value>
         <object_component_ref idref="oc-fa"/>
      </symbol>
      <symbol id="sm-3dc">
         <name>__mspabi_srli_1</name>
         <value>0xe606</value>
         <object_component_ref idref="oc-fa"/>
      </symbol>
      <symbol id="sm-3dd">
         <name>__mspabi_srli</name>
         <value>0xe5c0</value>
         <object_component_ref idref="oc-fa"/>
      </symbol>
      <symbol id="sm-3de">
         <name>__mspabi_srli_15</name>
         <value>0xe5ce</value>
         <object_component_ref idref="oc-fa"/>
      </symbol>
      <symbol id="sm-3df">
         <name>__mspabi_srli_14</name>
         <value>0xe5d2</value>
         <object_component_ref idref="oc-fa"/>
      </symbol>
      <symbol id="sm-3e0">
         <name>__mspabi_srli_13</name>
         <value>0xe5d6</value>
         <object_component_ref idref="oc-fa"/>
      </symbol>
      <symbol id="sm-3e1">
         <name>__mspabi_srli_12</name>
         <value>0xe5da</value>
         <object_component_ref idref="oc-fa"/>
      </symbol>
      <symbol id="sm-3e2">
         <name>__mspabi_srli_11</name>
         <value>0xe5de</value>
         <object_component_ref idref="oc-fa"/>
      </symbol>
      <symbol id="sm-3e3">
         <name>__mspabi_srli_10</name>
         <value>0xe5e2</value>
         <object_component_ref idref="oc-fa"/>
      </symbol>
      <symbol id="sm-3f3">
         <name>__mspabi_srll_8</name>
         <value>0xe534</value>
         <object_component_ref idref="oc-2e4"/>
      </symbol>
      <symbol id="sm-3f4">
         <name>__mspabi_srll_9</name>
         <value>0xe52e</value>
         <object_component_ref idref="oc-2e4"/>
      </symbol>
      <symbol id="sm-3f5">
         <name>__mspabi_srll_6</name>
         <value>0xe540</value>
         <object_component_ref idref="oc-2e4"/>
      </symbol>
      <symbol id="sm-3f6">
         <name>__mspabi_srll_7</name>
         <value>0xe53a</value>
         <object_component_ref idref="oc-2e4"/>
      </symbol>
      <symbol id="sm-3f7">
         <name>__mspabi_srll_4</name>
         <value>0xe54c</value>
         <object_component_ref idref="oc-2e4"/>
      </symbol>
      <symbol id="sm-3f8">
         <name>__mspabi_srll_5</name>
         <value>0xe546</value>
         <object_component_ref idref="oc-2e4"/>
      </symbol>
      <symbol id="sm-3f9">
         <name>__mspabi_srll_2</name>
         <value>0xe558</value>
         <object_component_ref idref="oc-2e4"/>
      </symbol>
      <symbol id="sm-3fa">
         <name>__mspabi_srll_3</name>
         <value>0xe552</value>
         <object_component_ref idref="oc-2e4"/>
      </symbol>
      <symbol id="sm-3fb">
         <name>__mspabi_srll_1</name>
         <value>0xe55e</value>
         <object_component_ref idref="oc-2e4"/>
      </symbol>
      <symbol id="sm-3fc">
         <name>__mspabi_srll_15</name>
         <value>0xe50a</value>
         <object_component_ref idref="oc-2e4"/>
      </symbol>
      <symbol id="sm-3fd">
         <name>__mspabi_srll_14</name>
         <value>0xe510</value>
         <object_component_ref idref="oc-2e4"/>
      </symbol>
      <symbol id="sm-3fe">
         <name>__mspabi_srll_13</name>
         <value>0xe516</value>
         <object_component_ref idref="oc-2e4"/>
      </symbol>
      <symbol id="sm-3ff">
         <name>__mspabi_srll_12</name>
         <value>0xe51c</value>
         <object_component_ref idref="oc-2e4"/>
      </symbol>
      <symbol id="sm-400">
         <name>__mspabi_srll_11</name>
         <value>0xe522</value>
         <object_component_ref idref="oc-2e4"/>
      </symbol>
      <symbol id="sm-401">
         <name>__mspabi_srll_10</name>
         <value>0xe528</value>
         <object_component_ref idref="oc-2e4"/>
      </symbol>
      <symbol id="sm-402">
         <name>__mspabi_srll</name>
         <value>0xe8ec</value>
         <object_component_ref idref="oc-2f9"/>
      </symbol>
      <symbol id="sm-411">
         <name>memcpy</name>
         <value>0xe8fe</value>
         <object_component_ref idref="oc-10f"/>
      </symbol>
      <symbol id="sm-434">
         <name>__mspabi_mpyd</name>
         <value>0xd02a</value>
         <object_component_ref idref="oc-29b"/>
      </symbol>
      <symbol id="sm-43e">
         <name>__mspabi_mpyi_sw</name>
         <value>0xe8b4</value>
         <object_component_ref idref="oc-224"/>
      </symbol>
      <symbol id="sm-43f">
         <name>__mspabi_mpyi</name>
         <value>0xe8b4</value>
         <object_component_ref idref="oc-224"/>
      </symbol>
      <symbol id="sm-449">
         <name>__mspabi_mpyl_sw</name>
         <value>0xe80c</value>
         <object_component_ref idref="oc-2eb"/>
      </symbol>
      <symbol id="sm-44a">
         <name>__mspabi_mpyl</name>
         <value>0xe80c</value>
         <object_component_ref idref="oc-2eb"/>
      </symbol>
      <symbol id="sm-453">
         <name>_system_pre_init</name>
         <value>0xe976</value>
         <object_component_ref idref="oc-134"/>
      </symbol>
      <symbol id="sm-466">
         <name>__TI_renormd</name>
         <value>0xdf4e</value>
         <object_component_ref idref="oc-317"/>
      </symbol>
      <symbol id="sm-473">
         <name>strlen</name>
         <value>0xe940</value>
         <object_component_ref idref="oc-22c"/>
      </symbol>
      <symbol id="sm-47c">
         <name>__mspabi_subd</name>
         <value>0xe710</value>
         <object_component_ref idref="oc-1d6"/>
      </symbol>
      <symbol id="sm-48e">
         <name>__mspabi_sral</name>
         <value>0xe910</value>
         <object_component_ref idref="oc-312"/>
      </symbol>
      <symbol id="sm-48f">
         <name>__mspabi_sral_15</name>
         <value>0xe694</value>
         <object_component_ref idref="oc-2f0"/>
      </symbol>
      <symbol id="sm-490">
         <name>__mspabi_sral_14</name>
         <value>0xe698</value>
         <object_component_ref idref="oc-2f0"/>
      </symbol>
      <symbol id="sm-491">
         <name>__mspabi_sral_13</name>
         <value>0xe69c</value>
         <object_component_ref idref="oc-2f0"/>
      </symbol>
      <symbol id="sm-492">
         <name>__mspabi_sral_12</name>
         <value>0xe6a0</value>
         <object_component_ref idref="oc-2f0"/>
      </symbol>
      <symbol id="sm-493">
         <name>__mspabi_sral_11</name>
         <value>0xe6a4</value>
         <object_component_ref idref="oc-2f0"/>
      </symbol>
      <symbol id="sm-494">
         <name>__mspabi_sral_10</name>
         <value>0xe6a8</value>
         <object_component_ref idref="oc-2f0"/>
      </symbol>
      <symbol id="sm-495">
         <name>__mspabi_sral_8</name>
         <value>0xe6b0</value>
         <object_component_ref idref="oc-2f0"/>
      </symbol>
      <symbol id="sm-496">
         <name>__mspabi_sral_9</name>
         <value>0xe6ac</value>
         <object_component_ref idref="oc-2f0"/>
      </symbol>
      <symbol id="sm-497">
         <name>__mspabi_sral_6</name>
         <value>0xe6b8</value>
         <object_component_ref idref="oc-2f0"/>
      </symbol>
      <symbol id="sm-498">
         <name>__mspabi_sral_7</name>
         <value>0xe6b4</value>
         <object_component_ref idref="oc-2f0"/>
      </symbol>
      <symbol id="sm-499">
         <name>__mspabi_sral_4</name>
         <value>0xe6c0</value>
         <object_component_ref idref="oc-2f0"/>
      </symbol>
      <symbol id="sm-49a">
         <name>__mspabi_sral_5</name>
         <value>0xe6bc</value>
         <object_component_ref idref="oc-2f0"/>
      </symbol>
      <symbol id="sm-49b">
         <name>__mspabi_sral_2</name>
         <value>0xe6c8</value>
         <object_component_ref idref="oc-2f0"/>
      </symbol>
      <symbol id="sm-49c">
         <name>__mspabi_sral_3</name>
         <value>0xe6c4</value>
         <object_component_ref idref="oc-2f0"/>
      </symbol>
      <symbol id="sm-49d">
         <name>__mspabi_sral_1</name>
         <value>0xe6cc</value>
         <object_component_ref idref="oc-2f0"/>
      </symbol>
      <symbol id="sm-4b9">
         <name>_auto_init</name>
         <value>0xe49c</value>
         <object_component_ref idref="oc-13a"/>
      </symbol>
      <symbol id="sm-4d3">
         <name>__mspabi_cmpd</name>
         <value>0xddae</value>
         <object_component_ref idref="oc-2a6"/>
      </symbol>
      <symbol id="sm-4e9">
         <name>copy_in</name>
         <value>0xe566</value>
         <object_component_ref idref="oc-190"/>
      </symbol>
      <symbol id="sm-4f9">
         <name>__TI_frcmpyd</name>
         <value>0xcda4</value>
         <object_component_ref idref="oc-303"/>
      </symbol>
      <symbol id="sm-502">
         <name>_system_post_cinit</name>
         <value>0xe97a</value>
         <object_component_ref idref="oc-196"/>
      </symbol>
      <symbol id="sm-505">
         <name>__TI_BINIT_Base</name>
         <value>0x0</value>
      </symbol>
      <symbol id="sm-506">
         <name>__TI_BINIT_Limit</name>
         <value>0x0</value>
      </symbol>
      <symbol id="sm-507">
         <name>__TI_INITARRAY_Base</name>
         <value>0x0</value>
      </symbol>
      <symbol id="sm-508">
         <name>__TI_INITARRAY_Limit</name>
         <value>0x0</value>
      </symbol>
   </symbol_table>
   <title>Link successful</title>
</link_info>
