******************************************************************************
                  MSP430 Linker PC v16.9.6                     
******************************************************************************
>> Linked Fri Jun 08 18:46:48 2018

OUTPUT FILE NAME:   <20180608_Elec315LabProjectFinal_comment.out>
ENTRY POINT SYMBOL: "_c_int00_noargs_noexit"  address: 0000e870


MEMORY CONFIGURATION

         name            origin    length      used     unused   attr    fill
----------------------  --------  ---------  --------  --------  ----  --------
  SFR                   00000000   00000010  00000000  00000010  RWIX
  PERIPHERALS_8BIT      00000010   000000f0  00000000  000000f0  RWIX
  PERIPHERALS_16BIT     00000100   00000100  00000000  00000100  RWIX
  RAM                   00000200   00000200  0000007c  00000184  RWIX
  INFOD                 00001000   00000040  00000000  00000040  RWIX
  INFOC                 00001040   00000040  00000000  00000040  RWIX
  INFOB                 00001080   00000040  00000000  00000040  RWIX
  INFOA                 000010c0   00000040  00000000  00000040  RWIX
  FLASH                 0000c000   00003fde  000029b0  0000162e  RWIX
  BSLSIGNATURE          0000ffde   00000002  00000002  00000000  RWIX  ffff 
  INT00                 0000ffe0   00000002  00000002  00000000  RWIX
  INT01                 0000ffe2   00000002  00000000  00000002  RWIX
  INT02                 0000ffe4   00000002  00000002  00000000  RWIX
  INT03                 0000ffe6   00000002  00000002  00000000  RWIX
  INT04                 0000ffe8   00000002  00000000  00000002  RWIX
  INT05                 0000ffea   00000002  00000002  00000000  RWIX
  INT06                 0000ffec   00000002  00000002  00000000  RWIX
  INT07                 0000ffee   00000002  00000002  00000000  RWIX
  INT08                 0000fff0   00000002  00000002  00000000  RWIX
  INT09                 0000fff2   00000002  00000002  00000000  RWIX
  INT10                 0000fff4   00000002  00000002  00000000  RWIX
  INT11                 0000fff6   00000002  00000002  00000000  RWIX
  INT12                 0000fff8   00000002  00000002  00000000  RWIX
  INT13                 0000fffa   00000002  00000002  00000000  RWIX
  INT14                 0000fffc   00000002  00000002  00000000  RWIX
  RESET                 0000fffe   00000002  00000002  00000000  RWIX


SECTION ALLOCATION MAP

 output                                  attributes/
section   page    origin      length       input sections
--------  ----  ----------  ----------   ----------------
.data      0    00000200    0000001c     UNINITIALIZED
                  00000200    0000000e     main.obj (.data)
                  0000020e    0000000c     main.obj (.data:adc)
                  0000021a    00000002     rts430_eabi.lib : errno.obj (.data)

.bss       0    0000021c    00000010     UNINITIALIZED
                  0000021c    00000008     (.common:str)
                  00000224    00000008     (.common:str_set)

.stack     0    000003b0    00000050     UNINITIALIZED
                  000003b0    00000002     rts430_eabi.lib : boot.obj (.stack)
                  000003b2    0000004e     --HOLE--

.text      0    0000c000    0000297c     
                  0000c000    0000063c     rts430_eabi.lib : e_log.obj (.text:log)
                  0000c63c    00000480                     : frcdivd.obj (.text:__TI_frcdivd)
                  0000cabc    000002e8                     : addd.obj (.text:__mspabi_addd)
                  0000cda4    00000286                     : frcmpyd.obj (.text:__TI_frcmpyd)
                  0000d02a    0000026e                     : mpyd.obj (.text:__mspabi_mpyd)
                  0000d298    00000260                     : frcaddd.obj (.text:__TI_frcaddd)
                  0000d4f8    00000238                     : divd.obj (.text:__mspabi_divd)
                  0000d730    0000021a     main.obj (.text:sendlcddata)
                  0000d94a    000001c0     main.obj (.text:initlcd)
                  0000db0a    00000172     main.obj (.text:main)
                  0000dc7c    00000132     rts430_eabi.lib : fs_add.obj (.text)
                  0000ddae    000000dc                     : cmpd.obj (.text:__mspabi_cmpd)
                  0000de8a    000000c4                     : fs_mpy.obj (.text)
                  0000df4e    000000be                     : renormd.obj (.text:__TI_renormd)
                  0000e00c    000000bc     main.obj (.text:DatatoLCDtemp)
                  0000e0c8    000000ba     main.obj (.text:DatatoLCDsetTemp)
                  0000e182    000000ac     rts430_eabi.lib : fltlid.obj (.text:__mspabi_fltlid)
                  0000e22e    0000008a                     : fltuld.obj (.text:__mspabi_fltuld)
                  0000e2b8    00000082     main.obj (.text:writedata)
                  0000e33a    0000007c     rts430_eabi.lib : copy_decompress_lzss.obj (.text:decompress:lzss:__TI_decompress_lzss)
                  0000e3b6    00000074                     : fixdul.obj (.text:__mspabi_fixdul)
                  0000e42a    00000072                     : fixdli.obj (.text:__mspabi_fixdli)
                  0000e49c    0000006e                     : autoinit.obj (.text:_auto_init)
                  0000e50a    0000005c                     : lsr32.obj (.text:l_lsr_const)
                  0000e566    0000005a                     : cpy_tbl.obj (.text:copy_in)
                  0000e5c0    0000004c                     : lsr16.obj (.text)
                  0000e60c    00000046                     : fs_tou.obj (.text)
                  0000e652    00000042     main.obj (.text:Port_2)
                  0000e694    0000003e     rts430_eabi.lib : asr32.obj (.text:l_asr_const)
                  0000e6d2    0000003e                     : lsl32.obj (.text:l_lsl_const)
                  0000e710    0000002e                     : subd.obj (.text:__mspabi_subd)
                  0000e73e    0000002c                     : asr16.obj (.text)
                  0000e76a    0000002c                     : lsl16.obj (.text)
                  0000e796    00000028     main.obj (.text:Read_Acc)
                  0000e7be    00000028     rts430_eabi.lib : fixdi.obj (.text:__mspabi_fixdi)
                  0000e7e6    00000026     main.obj (.text:pulseLCD)
                  0000e80c    00000026     rts430_eabi.lib : mult32.obj (.text)
                  0000e832    00000024                     : fs_utof.obj (.text)
                  0000e856    0000001a     main.obj (.text:Setup_HW)
                  0000e870    0000001a     rts430_eabi.lib : boot_special.obj (.text:_c_int00_noargs_noexit)
                  0000e88a    00000016                     : div16u.obj (.text)
                  0000e8a0    00000014                     : copy_zero_init.obj (.text:decompress:ZI:__TI_zero_init)
                  0000e8b4    00000014                     : mult16.obj (.text)
                  0000e8c8    00000012                     : fixdu.obj (.text:__mspabi_fixdu)
                  0000e8da    00000012                     : copy_decompress_none.obj (.text:decompress:none:__TI_decompress_none)
                  0000e8ec    00000012                     : lsr32.obj (.text:l_lsr)
                  0000e8fe    00000012                     : memcpy.obj (.text:memcpy)
                  0000e910    00000010                     : asr32.obj (.text:l_asr)
                  0000e920    00000010                     : lsl32.obj (.text:l_lsl)
                  0000e930    00000010                     : epilog.obj (.text)
                  0000e940    0000000e                     : strlen.obj (.text:strlen)
                  0000e94e    0000000c                     : fltid.obj (.text:__mspabi_fltid)
                  0000e95a    00000008     main.obj (.text:ADC10_ISR)
                  0000e962    00000008     rts430_eabi.lib : isr_trap.obj (.text:_isr:__TI_ISR_TRAP)
                  0000e96a    00000006                     : fltud.obj (.text:__mspabi_fltud)
                  0000e970    00000006                     : exit.obj (.text:abort)
                  0000e976    00000004                     : pre_init.obj (.text:_system_pre_init)
                  0000e97a    00000002                     : startup.obj (.text:_system_post_cinit)

.binit     0    0000c000    00000000     

.const     0    0000e97c    0000001a     
                  0000e97c    0000000f     main.obj (.const:.string:$P$T0$1)
                  0000e98b    00000001     --HOLE-- [fill = 0]
                  0000e98c    0000000a     main.obj (.const:.string:$P$T1$2)

.cinit     0    0000e996    0000001a     
                  0000e996    00000008     (.cinit..data.load) [load image, compression = lzss]
                  0000e99e    00000006     (__TI_handler_table)
                  0000e9a4    00000004     (.cinit..bss.load) [load image, compression = zero_init]
                  0000e9a8    00000008     (__TI_cinit_table)

.init_array 
*          0    0000c000    00000000     UNINITIALIZED

TRAPINT    0    0000ffe0    00000002     
                  0000ffe0    00000002     rts430_eabi.lib : int00.obj (.int00)

PORT1      0    0000ffe4    00000002     
                  0000ffe4    00000002     rts430_eabi.lib : int02.obj (.int02)

PORT2      0    0000ffe6    00000002     
                  0000ffe6    00000002     main.obj (.int03)

$fill000   0    0000ffde    00000002     
                  0000ffde    00000002     --HOLE-- [fill = ffff]

ADC10      0    0000ffea    00000002     
                  0000ffea    00000002     main.obj (.int05)

USCIAB0TX 
*          0    0000ffec    00000002     
                  0000ffec    00000002     rts430_eabi.lib : int06.obj (.int06)

USCIAB0RX 
*          0    0000ffee    00000002     
                  0000ffee    00000002     rts430_eabi.lib : int07.obj (.int07)

TIMER0_A1 
*          0    0000fff0    00000002     
                  0000fff0    00000002     rts430_eabi.lib : int08.obj (.int08)

TIMER0_A0 
*          0    0000fff2    00000002     
                  0000fff2    00000002     rts430_eabi.lib : int09.obj (.int09)

WDT        0    0000fff4    00000002     
                  0000fff4    00000002     rts430_eabi.lib : int10.obj (.int10)

COMPARATORA 
*          0    0000fff6    00000002     
                  0000fff6    00000002     rts430_eabi.lib : int11.obj (.int11)

TIMER1_A1 
*          0    0000fff8    00000002     
                  0000fff8    00000002     rts430_eabi.lib : int12.obj (.int12)

TIMER1_A0 
*          0    0000fffa    00000002     
                  0000fffa    00000002     rts430_eabi.lib : int13.obj (.int13)

NMI        0    0000fffc    00000002     
                  0000fffc    00000002     rts430_eabi.lib : int14.obj (.int14)

.reset     0    0000fffe    00000002     
                  0000fffe    00000002     rts430_eabi.lib : boot.obj (.reset)

MODULE SUMMARY

       Module                     code    ro data   rw data
       ------                     ----    -------   -------
    .\
       main.obj                   2038    29        42     
    +--+--------------------------+-------+---------+---------+
       Total:                     2038    29        42     
                                                           
    C:\ti\ccsv7\tools\compiler\ti-cgt-msp430_16.9.6.LTS\lib\rts430_eabi.lib
       e_log.obj                  1596    0         0      
       frcdivd.obj                1152    0         0      
       addd.obj                   744     0         0      
       frcmpyd.obj                646     0         0      
       mpyd.obj                   622     0         0      
       frcaddd.obj                608     0         0      
       divd.obj                   568     0         0      
       fs_add.obj                 306     0         0      
       cmpd.obj                   220     0         0      
       fs_mpy.obj                 196     0         0      
       renormd.obj                190     0         0      
       fltlid.obj                 172     0         0      
       fltuld.obj                 138     0         0      
       copy_decompress_lzss.obj   124     0         0      
       fixdul.obj                 116     0         0      
       fixdli.obj                 114     0         0      
       autoinit.obj               110     0         0      
       lsr32.obj                  110     0         0      
       cpy_tbl.obj                90      0         0      
       asr32.obj                  78      0         0      
       lsl32.obj                  78      0         0      
       lsr16.obj                  76      0         0      
       fs_tou.obj                 70      0         0      
       subd.obj                   46      0         0      
       asr16.obj                  44      0         0      
       lsl16.obj                  44      0         0      
       fixdi.obj                  40      0         0      
       mult32.obj                 38      0         0      
       fs_utof.obj                36      0         0      
       boot_special.obj           26      0         0      
       div16u.obj                 22      0         0      
       copy_zero_init.obj         20      0         0      
       mult16.obj                 20      0         0      
       copy_decompress_none.obj   18      0         0      
       fixdu.obj                  18      0         0      
       memcpy.obj                 18      0         0      
       epilog.obj                 16      0         0      
       strlen.obj                 14      0         0      
       fltid.obj                  12      0         0      
       isr_trap.obj               8       0         0      
       exit.obj                   6       0         0      
       fltud.obj                  6       0         0      
       pre_init.obj               4       0         0      
       boot.obj                   0       2         0      
       errno.obj                  0       0         2      
       int00.obj                  0       2         0      
       int02.obj                  0       2         0      
       int06.obj                  0       2         0      
       int07.obj                  0       2         0      
       int08.obj                  0       2         0      
       int09.obj                  0       2         0      
       int10.obj                  0       2         0      
       int11.obj                  0       2         0      
       int12.obj                  0       2         0      
       int13.obj                  0       2         0      
       int14.obj                  0       2         0      
       startup.obj                2       0         0      
    +--+--------------------------+-------+---------+---------+
       Total:                     8582    24        2      
                                                           
       Stack:                     0       0         80     
       Linker Generated:          0       26        0      
    +--+--------------------------+-------+---------+---------+
       Grand Total:               10620   79        124    


LINKER GENERATED COPY TABLES

__TI_cinit_table @ 0000e9a8 records: 2, size/record: 4, table size: 8
	.data: load addr=0000e996, load size=00000008 bytes, run addr=00000200, run size=0000001c bytes, compression=lzss
	.bss: load addr=0000e9a4, load size=00000004 bytes, run addr=0000021c, run size=00000010 bytes, compression=zero_init


LINKER GENERATED HANDLER TABLE

__TI_handler_table @ 0000e99e records: 3, size/record: 2, table size: 6
	index: 0, handler: __TI_zero_init
	index: 1, handler: __TI_decompress_lzss
	index: 2, handler: __TI_decompress_none


GLOBAL SYMBOLS: SORTED ALPHABETICALLY BY Name 

address   name                    
-------   ----                    
0000004a  ADC10AE0                
000001b0  ADC10CTL0               
000001b2  ADC10CTL1               
00000048  ADC10DTC0               
00000049  ADC10DTC1               
000001b4  ADC10MEM                
000001bc  ADC10SA                 
0000e95a  ADC10_ISR               
00000200  ADCVAL3                 
00000202  ADCVAL5                 
00000206  ADC_res_value           
0000020c  ADC_set_temp_value      
0000020a  ADC_temp_value          
00000204  ADC_value               
00000208  ADC_volt_value          
00000057  BCSCTL1                 
00000058  BCSCTL2                 
00000053  BCSCTL3                 
0000e970  C$$EXIT                 
00000059  CACTL1                  
0000005a  CACTL2                  
000010fb  CALBC1_12MHZ            
000010f9  CALBC1_16MHZ            
000010ff  CALBC1_1MHZ             
000010fd  CALBC1_8MHZ             
000010fa  CALDCO_12MHZ            
000010f8  CALDCO_16MHZ            
000010fe  CALDCO_1MHZ             
000010fc  CALDCO_8MHZ             
0000005b  CAPD                    
00000056  DCOCTL                  
0000e0c8  DatatoLCDsetTemp        
0000e00c  DatatoLCDtemp           
00000128  FCTL1                   
0000012a  FCTL2                   
0000012c  FCTL3                   
00000000  IE1                     
00000001  IE2                     
00000002  IFG1                    
00000003  IFG2                    
00000022  P1DIR                   
00000025  P1IE                    
00000024  P1IES                   
00000023  P1IFG                   
00000020  P1IN                    
00000021  P1OUT                   
00000027  P1REN                   
00000026  P1SEL                   
00000041  P1SEL2                  
0000002a  P2DIR                   
0000002d  P2IE                    
0000002c  P2IES                   
0000002b  P2IFG                   
00000028  P2IN                    
00000029  P2OUT                   
0000002f  P2REN                   
0000002e  P2SEL                   
00000042  P2SEL2                  
0000001a  P3DIR                   
00000018  P3IN                    
00000019  P3OUT                   
00000010  P3REN                   
0000001b  P3SEL                   
00000043  P3SEL2                  
0000e652  Port_2                  
0000e796  Read_Acc                
0000e856  Setup_HW                
00000172  TA0CCR0                 
00000174  TA0CCR1                 
00000176  TA0CCR2                 
00000162  TA0CCTL0                
00000164  TA0CCTL1                
00000166  TA0CCTL2                
00000160  TA0CTL                  
0000012e  TA0IV                   
00000170  TA0R                    
00000192  TA1CCR0                 
00000194  TA1CCR1                 
00000196  TA1CCR2                 
00000182  TA1CCTL0                
00000184  TA1CCTL1                
00000186  TA1CCTL2                
00000180  TA1CTL                  
0000011e  TA1IV                   
00000190  TA1R                    
000010db  TLV_ADC10_1_LEN         
000010da  TLV_ADC10_1_TAG         
000010c0  TLV_CHECKSUM            
000010f7  TLV_DCO_30_LEN          
000010f6  TLV_DCO_30_TAG          
0000005d  UCA0ABCTL               
00000062  UCA0BR0                 
00000063  UCA0BR1                 
00000060  UCA0CTL0                
00000061  UCA0CTL1                
0000005f  UCA0IRRCTL              
0000005e  UCA0IRTCTL              
00000064  UCA0MCTL                
00000066  UCA0RXBUF               
00000065  UCA0STAT                
00000067  UCA0TXBUF               
0000006a  UCB0BR0                 
0000006b  UCB0BR1                 
00000068  UCB0CTL0                
00000069  UCB0CTL1                
0000006c  UCB0I2CIE               
00000118  UCB0I2COA               
0000011a  UCB0I2CSA               
0000006e  UCB0RXBUF               
0000006d  UCB0STAT                
0000006f  UCB0TXBUF               
00000120  WDTCTL                  
00000400  __STACK_END             
00000050  __STACK_SIZE            
UNDEFED   __TI_BINIT_Base         
UNDEFED   __TI_BINIT_Limit        
0000e9a8  __TI_CINIT_Base         
0000e9b0  __TI_CINIT_Limit        
0000e99e  __TI_Handler_Table_Base 
0000e9a4  __TI_Handler_Table_Limit
UNDEFED   __TI_INITARRAY_Base     
UNDEFED   __TI_INITARRAY_Limit    
0000e962  __TI_ISR_TRAP           
0000e33a  __TI_decompress_lzss    
0000e8da  __TI_decompress_none    
0000d298  __TI_frcaddd            
0000c63c  __TI_frcdivd            
0000cda4  __TI_frcmpyd            
0000ffe0  __TI_int00              
0000ffe4  __TI_int02              
0000ffe6  __TI_int03              
0000ffea  __TI_int05              
0000ffec  __TI_int06              
0000ffee  __TI_int07              
0000fff0  __TI_int08              
0000fff2  __TI_int09              
0000fff4  __TI_int10              
0000fff6  __TI_int11              
0000fff8  __TI_int12              
0000fffa  __TI_int13              
0000fffc  __TI_int14              
ffffffff  __TI_pprof_out_hndl     
ffffffff  __TI_prof_data_size     
ffffffff  __TI_prof_data_start    
0000df4e  __TI_renormd            
0000e8a0  __TI_zero_init          
ffffffff  __c_args__              
0000cabc  __mspabi_addd           
0000dc82  __mspabi_addf           
0000ddae  __mspabi_cmpd           
0000d4f8  __mspabi_divd           
0000e88a  __mspabi_divu           
0000e7be  __mspabi_fixdi          
0000e42a  __mspabi_fixdli         
0000e8c8  __mspabi_fixdu          
0000e3b6  __mspabi_fixdul         
0000e60c  __mspabi_fixfu          
0000e94e  __mspabi_fltid          
0000e182  __mspabi_fltlid         
0000e96a  __mspabi_fltud          
0000e832  __mspabi_fltuf          
0000e22e  __mspabi_fltuld         
0000e93c  __mspabi_func_epilog_1  
0000e93a  __mspabi_func_epilog_2  
0000e938  __mspabi_func_epilog_3  
0000e936  __mspabi_func_epilog_4  
0000e934  __mspabi_func_epilog_5  
0000e932  __mspabi_func_epilog_6  
0000e930  __mspabi_func_epilog_7  
0000d02a  __mspabi_mpyd           
0000de8a  __mspabi_mpyf           
0000e8b4  __mspabi_mpyi           
0000e8b4  __mspabi_mpyi_sw        
0000e80c  __mspabi_mpyl           
0000e80c  __mspabi_mpyl_sw        
0000e88a  __mspabi_remu           
0000e76a  __mspabi_slli           
0000e792  __mspabi_slli_1         
0000e780  __mspabi_slli_10        
0000e77e  __mspabi_slli_11        
0000e77c  __mspabi_slli_12        
0000e77a  __mspabi_slli_13        
0000e778  __mspabi_slli_14        
0000e776  __mspabi_slli_15        
0000e790  __mspabi_slli_2         
0000e78e  __mspabi_slli_3         
0000e78c  __mspabi_slli_4         
0000e78a  __mspabi_slli_5         
0000e788  __mspabi_slli_6         
0000e786  __mspabi_slli_7         
0000e784  __mspabi_slli_8         
0000e782  __mspabi_slli_9         
0000e920  __mspabi_slll           
0000e70a  __mspabi_slll_1         
0000e6e6  __mspabi_slll_10        
0000e6e2  __mspabi_slll_11        
0000e6de  __mspabi_slll_12        
0000e6da  __mspabi_slll_13        
0000e6d6  __mspabi_slll_14        
0000e6d2  __mspabi_slll_15        
0000e706  __mspabi_slll_2         
0000e702  __mspabi_slll_3         
0000e6fe  __mspabi_slll_4         
0000e6fa  __mspabi_slll_5         
0000e6f6  __mspabi_slll_6         
0000e6f2  __mspabi_slll_7         
0000e6ee  __mspabi_slll_8         
0000e6ea  __mspabi_slll_9         
0000e73e  __mspabi_srai           
0000e766  __mspabi_srai_1         
0000e754  __mspabi_srai_10        
0000e752  __mspabi_srai_11        
0000e750  __mspabi_srai_12        
0000e74e  __mspabi_srai_13        
0000e74c  __mspabi_srai_14        
0000e74a  __mspabi_srai_15        
0000e764  __mspabi_srai_2         
0000e762  __mspabi_srai_3         
0000e760  __mspabi_srai_4         
0000e75e  __mspabi_srai_5         
0000e75c  __mspabi_srai_6         
0000e75a  __mspabi_srai_7         
0000e758  __mspabi_srai_8         
0000e756  __mspabi_srai_9         
0000e910  __mspabi_sral           
0000e6cc  __mspabi_sral_1         
0000e6a8  __mspabi_sral_10        
0000e6a4  __mspabi_sral_11        
0000e6a0  __mspabi_sral_12        
0000e69c  __mspabi_sral_13        
0000e698  __mspabi_sral_14        
0000e694  __mspabi_sral_15        
0000e6c8  __mspabi_sral_2         
0000e6c4  __mspabi_sral_3         
0000e6c0  __mspabi_sral_4         
0000e6bc  __mspabi_sral_5         
0000e6b8  __mspabi_sral_6         
0000e6b4  __mspabi_sral_7         
0000e6b0  __mspabi_sral_8         
0000e6ac  __mspabi_sral_9         
0000e5c0  __mspabi_srli           
0000e606  __mspabi_srli_1         
0000e5e2  __mspabi_srli_10        
0000e5de  __mspabi_srli_11        
0000e5da  __mspabi_srli_12        
0000e5d6  __mspabi_srli_13        
0000e5d2  __mspabi_srli_14        
0000e5ce  __mspabi_srli_15        
0000e602  __mspabi_srli_2         
0000e5fe  __mspabi_srli_3         
0000e5fa  __mspabi_srli_4         
0000e5f6  __mspabi_srli_5         
0000e5f2  __mspabi_srli_6         
0000e5ee  __mspabi_srli_7         
0000e5ea  __mspabi_srli_8         
0000e5e6  __mspabi_srli_9         
0000e8ec  __mspabi_srll           
0000e55e  __mspabi_srll_1         
0000e528  __mspabi_srll_10        
0000e522  __mspabi_srll_11        
0000e51c  __mspabi_srll_12        
0000e516  __mspabi_srll_13        
0000e510  __mspabi_srll_14        
0000e50a  __mspabi_srll_15        
0000e558  __mspabi_srll_2         
0000e552  __mspabi_srll_3         
0000e54c  __mspabi_srll_4         
0000e546  __mspabi_srll_5         
0000e540  __mspabi_srll_6         
0000e53a  __mspabi_srll_7         
0000e534  __mspabi_srll_8         
0000e52e  __mspabi_srll_9         
0000e710  __mspabi_subd           
0000dc7c  __mspabi_subf           
0000e49c  _auto_init              
0000e870  _c_int00_noargs_noexit  
0000fffe  _reset_vector           
000003b0  _stack                  
0000e97a  _system_post_cinit      
0000e976  _system_pre_init        
0000e970  abort                   
0000020e  adc                     
0000e566  copy_in                 
0000021a  errno                   
0000d94a  initlcd                 
0000c000  log                     
0000c000  logl                    
0000db0a  main                    
0000e8fe  memcpy                  
0000e7e6  pulseLCD                
0000d730  sendlcddata             
0000021c  str                     
00000224  str_set                 
0000e940  strlen                  
0000e2b8  writedata               


GLOBAL SYMBOLS: SORTED BY Symbol Address 

address   name                    
-------   ----                    
00000000  IE1                     
00000001  IE2                     
00000002  IFG1                    
00000003  IFG2                    
00000010  P3REN                   
00000018  P3IN                    
00000019  P3OUT                   
0000001a  P3DIR                   
0000001b  P3SEL                   
00000020  P1IN                    
00000021  P1OUT                   
00000022  P1DIR                   
00000023  P1IFG                   
00000024  P1IES                   
00000025  P1IE                    
00000026  P1SEL                   
00000027  P1REN                   
00000028  P2IN                    
00000029  P2OUT                   
0000002a  P2DIR                   
0000002b  P2IFG                   
0000002c  P2IES                   
0000002d  P2IE                    
0000002e  P2SEL                   
0000002f  P2REN                   
00000041  P1SEL2                  
00000042  P2SEL2                  
00000043  P3SEL2                  
00000048  ADC10DTC0               
00000049  ADC10DTC1               
0000004a  ADC10AE0                
00000050  __STACK_SIZE            
00000053  BCSCTL3                 
00000056  DCOCTL                  
00000057  BCSCTL1                 
00000058  BCSCTL2                 
00000059  CACTL1                  
0000005a  CACTL2                  
0000005b  CAPD                    
0000005d  UCA0ABCTL               
0000005e  UCA0IRTCTL              
0000005f  UCA0IRRCTL              
00000060  UCA0CTL0                
00000061  UCA0CTL1                
00000062  UCA0BR0                 
00000063  UCA0BR1                 
00000064  UCA0MCTL                
00000065  UCA0STAT                
00000066  UCA0RXBUF               
00000067  UCA0TXBUF               
00000068  UCB0CTL0                
00000069  UCB0CTL1                
0000006a  UCB0BR0                 
0000006b  UCB0BR1                 
0000006c  UCB0I2CIE               
0000006d  UCB0STAT                
0000006e  UCB0RXBUF               
0000006f  UCB0TXBUF               
00000118  UCB0I2COA               
0000011a  UCB0I2CSA               
0000011e  TA1IV                   
00000120  WDTCTL                  
00000128  FCTL1                   
0000012a  FCTL2                   
0000012c  FCTL3                   
0000012e  TA0IV                   
00000160  TA0CTL                  
00000162  TA0CCTL0                
00000164  TA0CCTL1                
00000166  TA0CCTL2                
00000170  TA0R                    
00000172  TA0CCR0                 
00000174  TA0CCR1                 
00000176  TA0CCR2                 
00000180  TA1CTL                  
00000182  TA1CCTL0                
00000184  TA1CCTL1                
00000186  TA1CCTL2                
00000190  TA1R                    
00000192  TA1CCR0                 
00000194  TA1CCR1                 
00000196  TA1CCR2                 
000001b0  ADC10CTL0               
000001b2  ADC10CTL1               
000001b4  ADC10MEM                
000001bc  ADC10SA                 
00000200  ADCVAL3                 
00000202  ADCVAL5                 
00000204  ADC_value               
00000206  ADC_res_value           
00000208  ADC_volt_value          
0000020a  ADC_temp_value          
0000020c  ADC_set_temp_value      
0000020e  adc                     
0000021a  errno                   
0000021c  str                     
00000224  str_set                 
000003b0  _stack                  
00000400  __STACK_END             
000010c0  TLV_CHECKSUM            
000010da  TLV_ADC10_1_TAG         
000010db  TLV_ADC10_1_LEN         
000010f6  TLV_DCO_30_TAG          
000010f7  TLV_DCO_30_LEN          
000010f8  CALDCO_16MHZ            
000010f9  CALBC1_16MHZ            
000010fa  CALDCO_12MHZ            
000010fb  CALBC1_12MHZ            
000010fc  CALDCO_8MHZ             
000010fd  CALBC1_8MHZ             
000010fe  CALDCO_1MHZ             
000010ff  CALBC1_1MHZ             
0000c000  log                     
0000c000  logl                    
0000c63c  __TI_frcdivd            
0000cabc  __mspabi_addd           
0000cda4  __TI_frcmpyd            
0000d02a  __mspabi_mpyd           
0000d298  __TI_frcaddd            
0000d4f8  __mspabi_divd           
0000d730  sendlcddata             
0000d94a  initlcd                 
0000db0a  main                    
0000dc7c  __mspabi_subf           
0000dc82  __mspabi_addf           
0000ddae  __mspabi_cmpd           
0000de8a  __mspabi_mpyf           
0000df4e  __TI_renormd            
0000e00c  DatatoLCDtemp           
0000e0c8  DatatoLCDsetTemp        
0000e182  __mspabi_fltlid         
0000e22e  __mspabi_fltuld         
0000e2b8  writedata               
0000e33a  __TI_decompress_lzss    
0000e3b6  __mspabi_fixdul         
0000e42a  __mspabi_fixdli         
0000e49c  _auto_init              
0000e50a  __mspabi_srll_15        
0000e510  __mspabi_srll_14        
0000e516  __mspabi_srll_13        
0000e51c  __mspabi_srll_12        
0000e522  __mspabi_srll_11        
0000e528  __mspabi_srll_10        
0000e52e  __mspabi_srll_9         
0000e534  __mspabi_srll_8         
0000e53a  __mspabi_srll_7         
0000e540  __mspabi_srll_6         
0000e546  __mspabi_srll_5         
0000e54c  __mspabi_srll_4         
0000e552  __mspabi_srll_3         
0000e558  __mspabi_srll_2         
0000e55e  __mspabi_srll_1         
0000e566  copy_in                 
0000e5c0  __mspabi_srli           
0000e5ce  __mspabi_srli_15        
0000e5d2  __mspabi_srli_14        
0000e5d6  __mspabi_srli_13        
0000e5da  __mspabi_srli_12        
0000e5de  __mspabi_srli_11        
0000e5e2  __mspabi_srli_10        
0000e5e6  __mspabi_srli_9         
0000e5ea  __mspabi_srli_8         
0000e5ee  __mspabi_srli_7         
0000e5f2  __mspabi_srli_6         
0000e5f6  __mspabi_srli_5         
0000e5fa  __mspabi_srli_4         
0000e5fe  __mspabi_srli_3         
0000e602  __mspabi_srli_2         
0000e606  __mspabi_srli_1         
0000e60c  __mspabi_fixfu          
0000e652  Port_2                  
0000e694  __mspabi_sral_15        
0000e698  __mspabi_sral_14        
0000e69c  __mspabi_sral_13        
0000e6a0  __mspabi_sral_12        
0000e6a4  __mspabi_sral_11        
0000e6a8  __mspabi_sral_10        
0000e6ac  __mspabi_sral_9         
0000e6b0  __mspabi_sral_8         
0000e6b4  __mspabi_sral_7         
0000e6b8  __mspabi_sral_6         
0000e6bc  __mspabi_sral_5         
0000e6c0  __mspabi_sral_4         
0000e6c4  __mspabi_sral_3         
0000e6c8  __mspabi_sral_2         
0000e6cc  __mspabi_sral_1         
0000e6d2  __mspabi_slll_15        
0000e6d6  __mspabi_slll_14        
0000e6da  __mspabi_slll_13        
0000e6de  __mspabi_slll_12        
0000e6e2  __mspabi_slll_11        
0000e6e6  __mspabi_slll_10        
0000e6ea  __mspabi_slll_9         
0000e6ee  __mspabi_slll_8         
0000e6f2  __mspabi_slll_7         
0000e6f6  __mspabi_slll_6         
0000e6fa  __mspabi_slll_5         
0000e6fe  __mspabi_slll_4         
0000e702  __mspabi_slll_3         
0000e706  __mspabi_slll_2         
0000e70a  __mspabi_slll_1         
0000e710  __mspabi_subd           
0000e73e  __mspabi_srai           
0000e74a  __mspabi_srai_15        
0000e74c  __mspabi_srai_14        
0000e74e  __mspabi_srai_13        
0000e750  __mspabi_srai_12        
0000e752  __mspabi_srai_11        
0000e754  __mspabi_srai_10        
0000e756  __mspabi_srai_9         
0000e758  __mspabi_srai_8         
0000e75a  __mspabi_srai_7         
0000e75c  __mspabi_srai_6         
0000e75e  __mspabi_srai_5         
0000e760  __mspabi_srai_4         
0000e762  __mspabi_srai_3         
0000e764  __mspabi_srai_2         
0000e766  __mspabi_srai_1         
0000e76a  __mspabi_slli           
0000e776  __mspabi_slli_15        
0000e778  __mspabi_slli_14        
0000e77a  __mspabi_slli_13        
0000e77c  __mspabi_slli_12        
0000e77e  __mspabi_slli_11        
0000e780  __mspabi_slli_10        
0000e782  __mspabi_slli_9         
0000e784  __mspabi_slli_8         
0000e786  __mspabi_slli_7         
0000e788  __mspabi_slli_6         
0000e78a  __mspabi_slli_5         
0000e78c  __mspabi_slli_4         
0000e78e  __mspabi_slli_3         
0000e790  __mspabi_slli_2         
0000e792  __mspabi_slli_1         
0000e796  Read_Acc                
0000e7be  __mspabi_fixdi          
0000e7e6  pulseLCD                
0000e80c  __mspabi_mpyl           
0000e80c  __mspabi_mpyl_sw        
0000e832  __mspabi_fltuf          
0000e856  Setup_HW                
0000e870  _c_int00_noargs_noexit  
0000e88a  __mspabi_divu           
0000e88a  __mspabi_remu           
0000e8a0  __TI_zero_init          
0000e8b4  __mspabi_mpyi           
0000e8b4  __mspabi_mpyi_sw        
0000e8c8  __mspabi_fixdu          
0000e8da  __TI_decompress_none    
0000e8ec  __mspabi_srll           
0000e8fe  memcpy                  
0000e910  __mspabi_sral           
0000e920  __mspabi_slll           
0000e930  __mspabi_func_epilog_7  
0000e932  __mspabi_func_epilog_6  
0000e934  __mspabi_func_epilog_5  
0000e936  __mspabi_func_epilog_4  
0000e938  __mspabi_func_epilog_3  
0000e93a  __mspabi_func_epilog_2  
0000e93c  __mspabi_func_epilog_1  
0000e940  strlen                  
0000e94e  __mspabi_fltid          
0000e95a  ADC10_ISR               
0000e962  __TI_ISR_TRAP           
0000e96a  __mspabi_fltud          
0000e970  C$$EXIT                 
0000e970  abort                   
0000e976  _system_pre_init        
0000e97a  _system_post_cinit      
0000e99e  __TI_Handler_Table_Base 
0000e9a4  __TI_Handler_Table_Limit
0000e9a8  __TI_CINIT_Base         
0000e9b0  __TI_CINIT_Limit        
0000ffe0  __TI_int00              
0000ffe4  __TI_int02              
0000ffe6  __TI_int03              
0000ffea  __TI_int05              
0000ffec  __TI_int06              
0000ffee  __TI_int07              
0000fff0  __TI_int08              
0000fff2  __TI_int09              
0000fff4  __TI_int10              
0000fff6  __TI_int11              
0000fff8  __TI_int12              
0000fffa  __TI_int13              
0000fffc  __TI_int14              
0000fffe  _reset_vector           
ffffffff  __TI_pprof_out_hndl     
ffffffff  __TI_prof_data_size     
ffffffff  __TI_prof_data_start    
ffffffff  __c_args__              
UNDEFED   __TI_BINIT_Base         
UNDEFED   __TI_BINIT_Limit        
UNDEFED   __TI_INITARRAY_Base     
UNDEFED   __TI_INITARRAY_Limit    

[295 symbols]
